\BOOKMARK [1][-]{section.1}{\376\377\000P\000E\000N\000D\000A\000H\000U\000L\000U\000A\000N}{}% 1
\BOOKMARK [2][-]{subsection.1.1}{\376\377\000L\000a\000t\000a\000r\000\040\000B\000e\000l\000a\000k\000a\000n\000g}{section.1}% 2
\BOOKMARK [2][-]{subsection.1.2}{\376\377\000P\000e\000r\000t\000a\000n\000y\000a\000a\000n\000\040\000P\000e\000n\000e\000l\000i\000t\000i\000a\000n}{section.1}% 3
\BOOKMARK [2][-]{subsection.1.3}{\376\377\000T\000u\000j\000u\000a\000n\000\040\000P\000e\000n\000e\000l\000i\000t\000i\000a\000n}{section.1}% 4
\BOOKMARK [2][-]{subsection.1.4}{\376\377\000M\000a\000n\000f\000a\000a\000t\000\040\000P\000e\000n\000e\000l\000i\000t\000i\000a\000n}{section.1}% 5
\BOOKMARK [1][-]{section.2}{\376\377\000K\000A\000J\000I\000A\000N\000\040\000P\000U\000S\000T\000A\000K\000A}{}% 6
\BOOKMARK [2][-]{subsection.2.1}{\376\377\000P\000a\000r\000a\000d\000i\000g\000m\000a\000\040\000A\000g\000e\000n\000t\000i\000c\000\040\000A\000I\000\040\000d\000a\000n\000\040\000S\000i\000s\000t\000e\000m\000\040\000M\000u\000l\000t\000i\000-\000A\000g\000e\000n\000\040\000\050\000M\000A\000S\000\051}{section.2}% 7
\BOOKMARK [2][-]{subsection.2.2}{\376\377\000P\000e\000t\000a\000\040\000P\000e\000n\000e\000l\000i\000t\000i\000a\000n\000\040\000A\000I\000\040\000d\000a\000l\000a\000m\000\040\000K\000e\000a\000r\000s\000i\000p\000a\000n\000\040\000d\000a\000n\000\040\000C\000e\000l\000a\000h\000\040\000y\000a\000n\000g\000\040\000A\000d\000a}{section.2}% 8
\BOOKMARK [1][-]{section.3}{\376\377\000M\000E\000T\000O\000D\000E\000\040\000P\000E\000N\000E\000L\000I\000T\000I\000A\000N}{}% 9
\BOOKMARK [1][-]{section.4}{\376\377\000H\000A\000S\000I\000L\000\040\000D\000A\000N\000\040\000B\000A\000H\000A\000S\000A\000N}{}% 10
\BOOKMARK [2][-]{subsection.4.1}{\376\377\000K\000a\000p\000a\000b\000i\000l\000i\000t\000a\000s\000\040\000A\000g\000e\000n\000t\000i\000c\000\040\000A\000I\000\040\000u\000n\000t\000u\000k\000\040\000T\000a\000t\000a\000\040\000K\000e\000l\000o\000l\000a\000\040\000K\000e\000a\000r\000s\000i\000p\000a\000n}{section.4}% 11
\BOOKMARK [3][-]{subsubsection.4.1.1}{\376\377\000O\000t\000o\000n\000o\000m\000i\000\040\000T\000e\000r\000a\000r\000a\000h}{subsection.4.1}% 12
\BOOKMARK [3][-]{subsubsection.4.1.2}{\376\377\000P\000r\000o\000a\000k\000t\000i\000v\000i\000t\000a\000s\000\040\000B\000e\000r\000b\000a\000s\000i\000s\000\040\000A\000t\000u\000r\000a\000n\000\040\000d\000a\000n\000\040\000T\000u\000j\000u\000a\000n}{subsection.4.1}% 13
\BOOKMARK [3][-]{subsubsection.4.1.3}{\376\377\000K\000e\000m\000a\000m\000p\000u\000a\000n\000\040\000B\000e\000l\000a\000j\000a\000r\000\040\000d\000a\000n\000\040\000A\000d\000a\000p\000t\000a\000s\000i}{subsection.4.1}% 14
\BOOKMARK [3][-]{subsubsection.4.1.4}{\376\377\000K\000o\000o\000r\000d\000i\000n\000a\000s\000i\000\040\000d\000a\000n\000\040\000K\000o\000l\000a\000b\000o\000r\000a\000s\000i\000\040\000d\000a\000l\000a\000m\000\040\000S\000i\000s\000t\000e\000m\000\040\000M\000u\000l\000t\000i\000-\000A\000g\000e\000n}{subsection.4.1}% 15
\BOOKMARK [2][-]{subsection.4.2}{\376\377\000K\000o\000n\000t\000r\000i\000b\000u\000s\000i\000\040\000A\000g\000e\000n\000t\000i\000c\000\040\000A\000I\000\040\000t\000e\000r\000h\000a\000d\000a\000p\000\040\000I\000n\000d\000i\000k\000a\000t\000o\000r\000\040\000K\000i\000n\000e\000r\000j\000a\000\040\000U\000t\000a\000m\000a\000\040\000\050\000I\000K\000U\000\051}{section.4}% 16
\BOOKMARK [3][-]{subsubsection.4.2.1}{\376\377\000I\000K\000U\000\040\000K\000e\000t\000e\000r\000s\000e\000d\000i\000a\000a\000n\000\040\000d\000a\000n\000\040\000A\000k\000s\000e\000s\000i\000b\000i\000l\000i\000t\000a\000s\000\040\000A\000r\000s\000i\000p}{subsection.4.2}% 17
\BOOKMARK [3][-]{subsubsection.4.2.2}{\376\377\000I\000K\000U\000\040\000K\000u\000a\000l\000i\000t\000a\000s\000\040\000M\000e\000t\000a\000d\000a\000t\000a\000\040\000d\000a\000n\000\040\000S\000t\000r\000u\000k\000t\000u\000r\000\040\000I\000n\000f\000o\000r\000m\000a\000s\000i}{subsection.4.2}% 18
\BOOKMARK [3][-]{subsubsection.4.2.3}{\376\377\000I\000K\000U\000\040\000E\000f\000i\000s\000i\000e\000n\000s\000i\000\040\000L\000a\000y\000a\000n\000a\000n\000\040\000I\000n\000f\000o\000r\000m\000a\000s\000i\000\040\000K\000e\000a\000r\000s\000i\000p\000a\000n}{subsection.4.2}% 19
\BOOKMARK [3][-]{subsubsection.4.2.4}{\376\377\000I\000K\000U\000\040\000K\000e\000p\000a\000t\000u\000h\000a\000n\000\040\000t\000e\000r\000h\000a\000d\000a\000p\000\040\000R\000e\000g\000u\000l\000a\000s\000i\000\040\000d\000a\000n\000\040\000K\000e\000b\000i\000j\000a\000k\000a\000n}{subsection.4.2}% 20
\BOOKMARK [3][-]{subsubsection.4.2.5}{\376\377\000I\000K\000U\000\040\000T\000e\000r\000k\000a\000i\000t\000\040\000E\000f\000i\000s\000i\000e\000n\000s\000i\000\040\000O\000p\000e\000r\000a\000s\000i\000o\000n\000a\000l\000\040\000d\000a\000n\000\040\000T\000a\000t\000a\000\040\000K\000e\000l\000o\000l\000a\000\040\000S\000e\000c\000a\000r\000a\000\040\000U\000m\000u\000m}{subsection.4.2}% 21
\BOOKMARK [2][-]{subsection.4.3}{\376\377\000M\000o\000d\000e\000l\000\040\000K\000o\000n\000s\000e\000p\000t\000u\000a\000l\000\040\000P\000e\000m\000a\000n\000f\000a\000a\000t\000a\000n\000\040\000A\000g\000e\000n\000t\000i\000c\000\040\000A\000I\000\040\000d\000a\000l\000a\000m\000\040\000T\000a\000t\000a\000\040\000K\000e\000l\000o\000l\000a\000\040\000K\000e\000a\000r\000s\000i\000p\000a\000n}{section.4}% 22
\BOOKMARK [3][-]{subsubsection.4.3.1}{\376\377\000A\000g\000e\000n\000\040\000K\000o\000o\000r\000d\000i\000n\000a\000t\000o\000r\000/\000O\000r\000c\000h\000e\000s\000t\000r\000a\000t\000o\000r}{subsection.4.3}% 23
\BOOKMARK [3][-]{subsubsection.4.3.2}{\376\377\000A\000g\000e\000n\000\040\000A\000k\000u\000i\000s\000i\000s\000i\000\040\000\046\000\040\000P\000r\000a\000-\000p\000e\000m\000r\000o\000s\000e\000s\000a\000n}{subsection.4.3}% 24
\BOOKMARK [3][-]{subsubsection.4.3.3}{\376\377\000A\000g\000e\000n\000\040\000K\000l\000a\000s\000i\000f\000i\000k\000a\000s\000i}{subsection.4.3}% 25
\BOOKMARK [3][-]{subsubsection.4.3.4}{\376\377\000A\000g\000e\000n\000\040\000E\000k\000s\000t\000r\000a\000k\000s\000i\000\040\000\046\000\040\000V\000a\000l\000i\000d\000a\000s\000i\000\040\000M\000e\000t\000a\000d\000a\000t\000a}{subsection.4.3}% 26
\BOOKMARK [3][-]{subsubsection.4.3.5}{\376\377\000A\000g\000e\000n\000\040\000K\000e\000p\000a\000t\000u\000h\000a\000n}{subsection.4.3}% 27
\BOOKMARK [3][-]{subsubsection.4.3.6}{\376\377\000A\000g\000e\000n\000\040\000P\000e\000n\000y\000i\000m\000p\000a\000n\000a\000n\000\040\000d\000a\000n\000\040\000I\000n\000d\000e\000x\000i\000n\000g}{subsection.4.3}% 28
\BOOKMARK [3][-]{subsubsection.4.3.7}{\376\377\000A\000g\000e\000n\000\040\000L\000a\000y\000a\000n\000a\000n\000\040\000I\000n\000f\000o\000r\000m\000a\000s\000i}{subsection.4.3}% 29
\BOOKMARK [3][-]{subsubsection.4.3.8}{\376\377\000A\000g\000e\000n\000\040\000A\000n\000a\000l\000i\000t\000i\000k\000\040\000d\000a\000n\000\040\000P\000e\000l\000a\000p\000o\000r\000a\000n\000\040\000I\000K\000U}{subsection.4.3}% 30
\BOOKMARK [3][-]{subsubsection.4.3.9}{\376\377\000I\000n\000t\000e\000r\000a\000k\000s\000i\000\040\000d\000a\000n\000\040\000A\000l\000u\000r\000\040\000K\000e\000r\000j\000a\000\040\000A\000n\000t\000a\000r\000\040\000A\000g\000e\000n}{subsection.4.3}% 31
\BOOKMARK [1][-]{section.5}{\376\377\000S\000I\000M\000P\000U\000L\000A\000N}{}% 32
\BOOKMARK [1][-]{section.6}{\376\377\000R\000E\000K\000O\000M\000E\000N\000D\000A\000S\000I}{}% 33
