\BOOKMARK [1][-]{section.1}{\376\377\000I\000\040\000P\000e\000n\000d\000a\000h\000u\000l\000u\000a\000n}{}% 1
\BOOKMARK [2][-]{subsection.1.1}{\376\377\000I\000-\000A\000\040\000K\000e\000t\000e\000r\000b\000a\000t\000a\000s\000a\000n\000\040\000P\000e\000n\000d\000e\000k\000a\000t\000a\000n\000\040\000y\000a\000n\000g\000\040\000A\000d\000a}{section.1}% 2
\BOOKMARK [2][-]{subsection.1.2}{\376\377\000I\000-\000B\000\040\000K\000o\000n\000t\000r\000i\000b\000u\000s\000i\000\040\000P\000e\000n\000e\000l\000i\000t\000i\000a\000n}{section.1}% 3
\BOOKMARK [2][-]{subsection.1.3}{\376\377\000I\000-\000C\000\040\000H\000i\000p\000o\000t\000e\000s\000i\000s\000\040\000d\000a\000n\000\040\000V\000a\000l\000i\000d\000a\000s\000i\000\040\000P\000e\000n\000e\000l\000i\000t\000i\000a\000n}{section.1}% 4
\BOOKMARK [2][-]{subsection.1.4}{\376\377\000I\000-\000D\000\040\000O\000r\000g\000a\000n\000i\000s\000a\000s\000i\000\040\000M\000a\000k\000a\000l\000a\000h}{section.1}% 5
\BOOKMARK [1][-]{section.2}{\376\377\000I\000I\000\040\000P\000e\000k\000e\000r\000j\000a\000a\000n\000\040\000T\000e\000r\000k\000a\000i\000t}{}% 6
\BOOKMARK [2][-]{subsection.2.1}{\376\377\000I\000I\000-\000A\000\040\000R\000e\000s\000t\000o\000r\000a\000s\000i\000\040\000d\000a\000n\000\040\000P\000e\000r\000b\000a\000i\000k\000a\000n\000\040\000C\000i\000t\000r\000a\000\040\000D\000o\000k\000u\000m\000e\000n}{section.2}% 7
\BOOKMARK [3][-]{subsubsection.2.1.1}{\376\377\000I\000I\000-\000A\0001\000\040\000M\000e\000t\000o\000d\000e\000\040\000K\000l\000a\000s\000i\000k\000:\000\040\000B\000i\000n\000e\000r\000i\000s\000a\000s\000i\000\040\000d\000a\000n\000\040\000T\000h\000r\000e\000s\000h\000o\000l\000d\000i\000n\000g}{subsection.2.1}% 8
\BOOKMARK [3][-]{subsubsection.2.1.2}{\376\377\000I\000I\000-\000A\0002\000\040\000M\000e\000t\000o\000d\000e\000\040\000D\000e\000e\000p\000\040\000L\000e\000a\000r\000n\000i\000n\000g\000\040\000u\000n\000t\000u\000k\000\040\000R\000e\000s\000t\000o\000r\000a\000s\000i\000\040\000D\000o\000k\000u\000m\000e\000n}{subsection.2.1}% 9
\BOOKMARK [2][-]{subsection.2.2}{\376\377\000I\000I\000-\000B\000\040\000G\000e\000n\000e\000r\000a\000t\000i\000v\000e\000\040\000A\000d\000v\000e\000r\000s\000a\000r\000i\000a\000l\000\040\000N\000e\000t\000w\000o\000r\000k\000s\000\040\000u\000n\000t\000u\000k\000\040\000R\000e\000s\000t\000o\000r\000a\000s\000i\000\040\000C\000i\000t\000r\000a}{section.2}% 10
\BOOKMARK [3][-]{subsubsection.2.2.1}{\376\377\000I\000I\000-\000B\0001\000\040\000C\000o\000n\000d\000i\000t\000i\000o\000n\000a\000l\000\040\000G\000A\000N\000s\000\040\000u\000n\000t\000u\000k\000\040\000T\000r\000a\000n\000s\000l\000a\000s\000i\000\040\000C\000i\000t\000r\000a\000-\000k\000e\000-\000C\000i\000t\000r\000a}{subsection.2.2}% 11
\BOOKMARK [3][-]{subsubsection.2.2.2}{\376\377\000I\000I\000-\000B\0002\000\040\000G\000A\000N\000\040\000u\000n\000t\000u\000k\000\040\000R\000e\000s\000t\000o\000r\000a\000s\000i\000\040\000d\000a\000n\000\040\000P\000e\000r\000b\000a\000i\000k\000a\000n\000\040\000D\000o\000k\000u\000m\000e\000n}{subsection.2.2}% 12
\BOOKMARK [2][-]{subsection.2.3}{\376\377\000I\000I\000-\000C\000\040\000S\000i\000s\000t\000e\000m\000\040\000P\000e\000n\000g\000e\000n\000a\000l\000a\000n\000\040\000T\000e\000k\000s\000\040\000T\000u\000l\000i\000s\000a\000n\000\040\000T\000a\000n\000g\000a\000n}{section.2}% 13
\BOOKMARK [2][-]{subsection.2.4}{\376\377\000I\000I\000-\000D\000\040\000A\000n\000a\000l\000i\000s\000i\000s\000\040\000K\000e\000s\000e\000n\000j\000a\000n\000g\000a\000n\000\040\000d\000a\000n\000\040\000P\000o\000s\000i\000s\000i}{section.2}% 14
\BOOKMARK [1][-]{section.3}{\376\377\000I\000I\000I\000\040\000M\000e\000t\000o\000d\000e\000\040\000y\000a\000n\000g\000\040\000D\000i\000u\000s\000u\000l\000k\000a\000n}{}% 15
\BOOKMARK [2][-]{subsection.3.1}{\376\377\000I\000I\000I\000-\000A\000\040\000G\000a\000m\000b\000a\000r\000a\000n\000\040\000K\000e\000r\000a\000n\000g\000k\000a\000\040\000K\000e\000r\000j\000a}{section.3}% 16
\BOOKMARK [2][-]{subsection.3.2}{\376\377\000I\000I\000I\000-\000B\000\040\000A\000r\000s\000i\000t\000e\000k\000t\000u\000r\000\040\000G\000e\000n\000e\000r\000a\000t\000o\000r\000:\000\040\000U\000-\000N\000e\000t\000\040\000E\000n\000h\000a\000n\000c\000e\000d\000\040\000d\000e\000n\000g\000a\000n\000\040\000B\000l\000o\000k\000\040\000R\000e\000s\000i\000d\000u\000a\000l}{section.3}% 17
\BOOKMARK [3][-]{subsubsection.3.2.1}{\376\377\000I\000I\000I\000-\000B\0001\000\040\000S\000p\000e\000s\000i\000f\000i\000k\000a\000s\000i\000\040\000J\000a\000r\000i\000n\000g\000a\000n}{subsection.3.2}% 18
\BOOKMARK [3][-]{subsubsection.3.2.2}{\376\377\000I\000I\000I\000-\000B\0002\000\040\000R\000a\000s\000i\000o\000n\000a\000l\000\040\000D\000e\000s\000a\000i\000n}{subsection.3.2}% 19
\BOOKMARK [2][-]{subsection.3.3}{\376\377\000I\000I\000I\000-\000C\000\040\000D\000i\000s\000k\000r\000i\000m\000i\000n\000a\000t\000o\000r\000\040\000D\000u\000a\000l\000-\000M\000o\000d\000a\000l\000\040\000E\000n\000h\000a\000n\000c\000e\000d}{section.3}% 20
\BOOKMARK [3][-]{subsubsection.3.3.1}{\376\377\000I\000I\000I\000-\000C\0001\000\040\000S\000p\000e\000s\000i\000f\000i\000k\000a\000s\000i\000\040\000A\000r\000s\000i\000t\000e\000k\000t\000u\000r}{subsection.3.3}% 21
\BOOKMARK [3][-]{subsubsection.3.3.2}{\376\377\000I\000I\000I\000-\000C\0002\000\040\000M\000o\000t\000i\000v\000a\000s\000i\000\040\000d\000a\000n\000\040\000R\000a\000s\000i\000o\000n\000a\000l\000\040\000D\000e\000s\000a\000i\000n}{subsection.3.3}% 22
\BOOKMARK [2][-]{subsection.3.4}{\376\377\000I\000I\000I\000-\000D\000\040\000I\000n\000t\000e\000g\000r\000a\000s\000i\000\040\000R\000e\000c\000o\000g\000n\000i\000z\000e\000r\000\040\000H\000T\000R\000\040\000B\000e\000k\000u}{section.3}% 23
\BOOKMARK [3][-]{subsubsection.3.4.1}{\376\377\000I\000I\000I\000-\000D\0001\000\040\000A\000r\000s\000i\000t\000e\000k\000t\000u\000r\000\040\000d\000a\000n\000\040\000K\000o\000n\000f\000i\000g\000u\000r\000a\000s\000i\000\040\000P\000e\000l\000a\000t\000i\000h\000a\000n}{subsection.3.4}% 24
\BOOKMARK [3][-]{subsubsection.3.4.2}{\376\377\000I\000I\000I\000-\000D\0002\000\040\000K\000e\000u\000n\000t\000u\000n\000g\000a\000n\000\040\000S\000t\000r\000a\000t\000e\000g\000i\000\040\000P\000e\000m\000b\000e\000k\000u\000a\000n}{subsection.3.4}% 25
\BOOKMARK [3][-]{subsubsection.3.4.3}{\376\377\000I\000I\000I\000-\000D\0003\000\040\000E\000k\000s\000t\000r\000a\000k\000s\000i\000\040\000F\000i\000t\000u\000r\000\040\000d\000a\000n\000\040\000P\000e\000r\000h\000i\000t\000u\000n\000g\000a\000n\000\040\000K\000e\000h\000i\000l\000a\000n\000g\000a\000n}{subsection.3.4}% 26
\BOOKMARK [2][-]{subsection.3.5}{\376\377\000I\000I\000I\000-\000E\000\040\000F\000u\000n\000g\000s\000i\000\040\000K\000e\000h\000i\000l\000a\000n\000g\000a\000n\000\040\000M\000u\000l\000t\000i\000k\000o\000m\000p\000o\000n\000e\000n}{section.3}% 27
\BOOKMARK [3][-]{subsubsection.3.5.1}{\376\377\000I\000I\000I\000-\000E\0001\000\040\000K\000e\000h\000i\000l\000a\000n\000g\000a\000n\000\040\000A\000d\000v\000e\000r\000s\000a\000r\000i\000a\000l}{subsection.3.5}% 28
\BOOKMARK [3][-]{subsubsection.3.5.2}{\376\377\000I\000I\000I\000-\000E\0002\000\040\000K\000e\000h\000i\000l\000a\000n\000g\000a\000n\000\040\000R\000e\000k\000o\000n\000s\000t\000r\000u\000k\000s\000i\000\040\000T\000i\000n\000g\000k\000a\000t\000\040\000P\000i\000k\000s\000e\000l}{subsection.3.5}% 29
\BOOKMARK [3][-]{subsubsection.3.5.3}{\376\377\000I\000I\000I\000-\000E\0003\000\040\000K\000e\000h\000i\000l\000a\000n\000g\000a\000n\000\040\000P\000e\000r\000s\000e\000p\000t\000u\000a\000l}{subsection.3.5}% 30
\BOOKMARK [3][-]{subsubsection.3.5.4}{\376\377\000I\000I\000I\000-\000E\0004\000\040\000K\000e\000h\000i\000l\000a\000n\000g\000a\000n\000\040\000F\000i\000t\000u\000r\000\040\000P\000e\000n\000g\000e\000n\000a\000l\000a\000n}{subsection.3.5}% 31
\BOOKMARK [2][-]{subsection.3.6}{\376\377\000I\000I\000I\000-\000F\000\040\000S\000t\000r\000a\000t\000e\000g\000i\000\040\000P\000e\000l\000a\000t\000i\000h\000a\000n}{section.3}% 32
\BOOKMARK [3][-]{subsubsection.3.6.1}{\376\377\000I\000I\000I\000-\000F\0001\000\040\000C\000u\000r\000r\000i\000c\000u\000l\000u\000m\000\040\000L\000e\000a\000r\000n\000i\000n\000g\000\040\000d\000a\000n\000\040\000P\000r\000o\000t\000o\000k\000o\000l\000\040\000O\000p\000t\000i\000m\000i\000s\000a\000s\000i}{subsection.3.6}% 33
\BOOKMARK [3][-]{subsubsection.3.6.2}{\376\377\000I\000I\000I\000-\000F\0002\000\040\000A\000n\000a\000l\000i\000s\000i\000s\000\040\000S\000t\000a\000b\000i\000l\000i\000t\000a\000s\000\040\000d\000a\000n\000\040\000R\000e\000g\000u\000l\000a\000r\000i\000s\000a\000s\000i}{subsection.3.6}% 34
\BOOKMARK [1][-]{section.4}{\376\377\000I\000V\000\040\000P\000e\000n\000g\000a\000t\000u\000r\000a\000n\000\040\000E\000k\000s\000p\000e\000r\000i\000m\000e\000n\000t\000a\000l}{}% 35
\BOOKMARK [2][-]{subsection.4.1}{\376\377\000I\000V\000-\000A\000\040\000D\000a\000t\000a\000s\000e\000t}{section.4}% 36
\BOOKMARK [3][-]{subsubsection.4.1.1}{\376\377\000I\000V\000-\000A\0001\000\040\000D\000a\000t\000a\000s\000e\000t\000\040\000S\000e\000m\000i\000-\000S\000i\000n\000t\000e\000t\000i\000s\000\040\000R\000e\000a\000l\000i\000s\000t\000i\000s\000\040\000u\000n\000t\000u\000k\000\040\000E\000v\000a\000l\000u\000a\000s\000i\000\040\000K\000u\000a\000n\000t\000i\000t\000a\000t\000i\000f}{subsection.4.1}% 37
\BOOKMARK [3][-]{subsubsection.4.1.2}{\376\377\000I\000V\000-\000A\0002\000\040\000D\000a\000t\000a\000s\000e\000t\000\040\000D\000o\000k\000u\000m\000e\000n\000\040\000H\000i\000s\000t\000o\000r\000i\000s\000\040\000N\000y\000a\000t\000a\000\040\000\050\000A\000N\000R\000I\000\051}{subsection.4.1}% 38
\BOOKMARK [2][-]{subsection.4.2}{\376\377\000I\000V\000-\000B\000\040\000M\000e\000t\000o\000d\000e\000\040\000B\000a\000s\000e\000l\000i\000n\000e\000\040\000d\000a\000n\000\040\000S\000t\000r\000a\000t\000e\000g\000i\000\040\000E\000v\000a\000l\000u\000a\000s\000i}{section.4}% 39
\BOOKMARK [3][-]{subsubsection.4.2.1}{\376\377\000I\000V\000-\000B\0001\000\040\000M\000e\000t\000o\000d\000e\000\040\000K\000l\000a\000s\000i\000k\000\040\000u\000n\000t\000u\000k\000\040\000P\000e\000r\000b\000a\000n\000d\000i\000n\000g\000a\000n\000\040\000K\000u\000a\000n\000t\000i\000t\000a\000t\000i\000f}{subsection.4.2}% 40
\BOOKMARK [3][-]{subsubsection.4.2.2}{\376\377\000I\000V\000-\000B\0002\000\040\000M\000e\000t\000o\000d\000e\000\040\000D\000e\000e\000p\000\040\000L\000e\000a\000r\000n\000i\000n\000g\000\040\000T\000e\000r\000k\000i\000n\000i\000\040\000\050\000K\000o\000n\000t\000e\000k\000s\000\040\000P\000e\000n\000e\000l\000i\000t\000i\000a\000n\000\051}{subsection.4.2}% 41
\BOOKMARK [3][-]{subsubsection.4.2.3}{\376\377\000I\000V\000-\000B\0003\000\040\000S\000t\000u\000d\000i\000\040\000A\000b\000l\000a\000s\000i\000\040\000s\000e\000b\000a\000g\000a\000i\000\040\000V\000a\000l\000i\000d\000a\000s\000i\000\040\000K\000o\000m\000p\000o\000n\000e\000n}{subsection.4.2}% 42
\BOOKMARK [2][-]{subsection.4.3}{\376\377\000I\000V\000-\000C\000\040\000M\000e\000t\000r\000i\000k\000\040\000E\000v\000a\000l\000u\000a\000s\000i}{section.4}% 43
\BOOKMARK [3][-]{subsubsection.4.3.1}{\376\377\000I\000V\000-\000C\0001\000\040\000M\000e\000t\000r\000i\000k\000\040\000K\000u\000a\000l\000i\000t\000a\000s\000\040\000V\000i\000s\000u\000a\000l}{subsection.4.3}% 44
\BOOKMARK [3][-]{subsubsection.4.3.2}{\376\377\000I\000V\000-\000C\0002\000\040\000M\000e\000t\000r\000i\000k\000\040\000D\000e\000t\000e\000k\000s\000i\000\040\000A\000r\000t\000e\000f\000a\000k\000\040\000\050\000M\000o\000n\000i\000t\000o\000r\000i\000n\000g\000\040\000S\000e\000k\000u\000n\000d\000e\000r\000\051}{subsection.4.3}% 45
\BOOKMARK [3][-]{subsubsection.4.3.3}{\376\377\000I\000V\000-\000C\0003\000\040\000M\000e\000t\000r\000i\000k\000\040\000K\000i\000n\000e\000r\000j\000a\000\040\000H\000T\000R}{subsection.4.3}% 46
\BOOKMARK [1][-]{section.5}{\376\377\000V\000\040\000H\000a\000s\000i\000l\000\040\000d\000a\000n\000\040\000P\000e\000m\000b\000a\000h\000a\000s\000a\000n}{}% 47
\BOOKMARK [2][-]{subsection.5.1}{\376\377\000V\000-\000A\000\040\000H\000a\000s\000i\000l\000\040\000K\000u\000a\000n\000t\000i\000t\000a\000t\000i\000f\000\040\000p\000a\000d\000a\000\040\000S\000e\000t\000\040\000U\000j\000i\000\040\000S\000e\000m\000i\000-\000S\000i\000n\000t\000e\000t\000i\000s\000\040\000R\000e\000a\000l\000i\000s\000t\000i\000s}{section.5}% 48
\BOOKMARK [3][-]{subsubsection.5.1.1}{\376\377\000V\000-\000A\0001\000\040\000P\000e\000r\000b\000a\000n\000d\000i\000n\000g\000a\000n\000\040\000V\000i\000s\000u\000a\000l\000\040\000M\000e\000t\000o\000d\000e}{subsection.5.1}% 49
\BOOKMARK [3][-]{subsubsection.5.1.2}{\376\377\000V\000-\000A\0002\000\040\000A\000n\000a\000l\000i\000s\000i\000s\000\040\000T\000r\000a\000j\000e\000k\000t\000o\000r\000i\000\040\000M\000e\000t\000r\000i\000k\000\040\000V\000a\000l\000i\000d\000a\000s\000i}{subsection.5.1}% 50
\BOOKMARK [2][-]{subsection.5.2}{\376\377\000V\000-\000B\000\040\000E\000v\000a\000l\000u\000a\000s\000i\000\040\000K\000u\000a\000l\000i\000t\000a\000t\000i\000f\000\040\000p\000a\000d\000a\000\040\000D\000o\000k\000u\000m\000e\000n\000\040\000H\000i\000s\000t\000o\000r\000i\000s\000\040\000N\000y\000a\000t\000a\000\040\000\050\000A\000N\000R\000I\000\051}{section.5}% 51
\BOOKMARK [3][-]{subsubsection.5.2.1}{\376\377\000V\000-\000B\0001\000\040\000D\000a\000t\000a\000s\000e\000t\000\040\000d\000a\000n\000\040\000M\000e\000t\000o\000d\000o\000l\000o\000g\000i\000\040\000E\000v\000a\000l\000u\000a\000s\000i}{subsection.5.2}% 52
\BOOKMARK [3][-]{subsubsection.5.2.2}{\376\377\000V\000-\000B\0002\000\040\000H\000a\000s\000i\000l\000\040\000K\000u\000a\000l\000i\000t\000a\000t\000i\000f\000\040\000d\000a\000n\000\040\000O\000b\000s\000e\000r\000v\000a\000s\000i\000\040\000S\000i\000s\000t\000e\000m\000a\000t\000i\000s}{subsection.5.2}% 53
\BOOKMARK [3][-]{subsubsection.5.2.3}{\376\377\000V\000-\000B\0003\000\040\000A\000n\000a\000l\000i\000s\000i\000s\000\040\000P\000e\000r\000f\000o\000r\000m\000a\000\040\000B\000e\000r\000d\000a\000s\000a\000r\000k\000a\000n\000\040\000K\000o\000n\000t\000r\000a\000s\000\040\000M\000a\000s\000u\000k\000a\000n}{subsection.5.2}% 54
\BOOKMARK [3][-]{subsubsection.5.2.4}{\376\377\000V\000-\000B\0004\000\040\000V\000a\000l\000i\000d\000a\000s\000i\000\040\000A\000h\000l\000i\000\040\000\050\000A\000s\000e\000s\000m\000e\000n\000\040\000P\000a\000l\000e\000o\000g\000r\000a\000f\000i\000\051}{subsection.5.2}% 55
\BOOKMARK [2][-]{subsection.5.3}{\376\377\000V\000-\000C\000\040\000A\000n\000a\000l\000i\000s\000i\000s\000\040\000K\000o\000r\000e\000l\000a\000s\000i\000\040\000T\000i\000n\000g\000k\000a\000t\000\040\000D\000e\000g\000r\000a\000d\000a\000s\000i}{section.5}% 56
\BOOKMARK [3][-]{subsubsection.5.3.1}{\376\377\000V\000-\000C\0001\000\040\000T\000e\000m\000u\000a\000n\000\040\000K\000o\000r\000e\000l\000a\000s\000i}{subsection.5.3}% 57
\BOOKMARK [3][-]{subsubsection.5.3.2}{\376\377\000V\000-\000C\0002\000\040\000I\000m\000p\000l\000i\000k\000a\000s\000i\000\040\000u\000n\000t\000u\000k\000\040\000D\000i\000g\000i\000t\000a\000l\000i\000s\000a\000s\000i\000\040\000D\000o\000k\000u\000m\000e\000n\000\040\000H\000i\000s\000t\000o\000r\000i\000s}{subsection.5.3}% 58
\BOOKMARK [3][-]{subsubsection.5.3.3}{\376\377\000V\000-\000C\0003\000\040\000A\000n\000a\000l\000i\000s\000i\000s\000\040\000D\000o\000m\000a\000i\000n\000\040\000S\000h\000i\000f\000t\000:\000\040\000S\000i\000n\000t\000e\000t\000i\000s\000\040\000t\000e\000r\000h\000a\000d\000a\000p\000\040\000N\000y\000a\000t\000a}{subsection.5.3}% 59
\BOOKMARK [3][-]{subsubsection.5.3.4}{\376\377\000V\000-\000C\0004\000\040\000K\000e\000t\000e\000r\000b\000a\000t\000a\000s\000a\000n\000\040\000d\000a\000n\000\040\000P\000e\000k\000e\000r\000j\000a\000a\000n\000\040\000M\000e\000n\000d\000a\000t\000a\000n\000g\000\040\000u\000n\000t\000u\000k\000\040\000E\000v\000a\000l\000u\000a\000s\000i\000\040\000A\000N\000R\000I}{subsection.5.3}% 60
\BOOKMARK [2][-]{subsection.5.4}{\376\377\000V\000-\000D\000\040\000S\000t\000u\000d\000i\000\040\000A\000b\000l\000a\000s\000i}{section.5}% 61
\BOOKMARK [3][-]{subsubsection.5.4.1}{\376\377\000V\000-\000D\0001\000\040\000A\000b\000l\000a\000s\000i\000\040\000A\000r\000s\000i\000t\000e\000k\000t\000u\000r\000\040\000D\000i\000s\000k\000r\000i\000m\000i\000n\000a\000t\000o\000r}{subsection.5.4}% 62
\BOOKMARK [3][-]{subsubsection.5.4.2}{\376\377\000V\000-\000D\0002\000\040\000S\000t\000u\000d\000i\000\040\000A\000b\000l\000a\000s\000i\000\040\000I\000n\000k\000r\000e\000m\000e\000n\000t\000a\000l\000:\000\040\000K\000o\000n\000t\000r\000i\000b\000u\000s\000i\000\040\000K\000o\000m\000p\000o\000n\000e\000n\000\040\000K\000e\000h\000i\000l\000a\000n\000g\000a\000n}{subsection.5.4}% 63
\BOOKMARK [3][-]{subsubsection.5.4.3}{\376\377\000V\000-\000D\0003\000\040\000A\000n\000a\000l\000i\000s\000i\000s\000\040\000M\000e\000n\000d\000a\000l\000a\000m\000:\000\040\000K\000e\000t\000i\000d\000a\000k\000e\000f\000e\000k\000t\000i\000f\000a\000n\000\040\000K\000e\000h\000i\000l\000a\000n\000g\000a\000n\000\040\000F\000i\000t\000u\000r\000\040\000P\000e\000n\000g\000e\000n\000a\000l}{subsection.5.4}% 64
\BOOKMARK [3][-]{subsubsection.5.4.4}{\376\377\000V\000-\000D\0004\000\040\000A\000n\000a\000l\000i\000s\000i\000s\000\040\000K\000o\000n\000f\000i\000g\000u\000r\000a\000s\000i\000\040\000O\000p\000t\000i\000m\000a\000l\000:\000\040\000M\000e\000n\000g\000a\000p\000a\000\040\000E\000k\000s\000p\000e\000r\000i\000m\000e\000n\000\040\0000\0004\000\040\000M\000e\000r\000u\000p\000a\000k\000a\000n\000\040\000P\000i\000l\000i\000h\000a\000n\000\040\000T\000e\000r\000b\000a\000i\000k}{subsection.5.4}% 65
\BOOKMARK [3][-]{subsubsection.5.4.5}{\376\377\000V\000-\000D\0005\000\040\000J\000u\000s\000t\000i\000f\000i\000k\000a\000s\000i\000\040\000S\000t\000r\000a\000t\000e\000g\000i\000\040\000I\000n\000t\000e\000g\000r\000a\000s\000i\000\040\000P\000e\000n\000g\000e\000n\000a\000l\000\040\000H\000T\000R}{subsection.5.4}% 66
\BOOKMARK [2][-]{subsection.5.5}{\376\377\000V\000-\000E\000\040\000A\000n\000a\000l\000i\000s\000i\000s\000\040\000K\000u\000a\000n\000t\000i\000t\000a\000t\000i\000f\000\040\000K\000a\000s\000u\000s\000\040\000K\000e\000g\000a\000g\000a\000l\000a\000n}{section.5}% 67
\BOOKMARK [2][-]{subsection.5.6}{\376\377\000V\000-\000F\000\040\000V\000a\000l\000i\000d\000a\000s\000i\000\040\000H\000i\000p\000o\000t\000e\000s\000i\000s\000\040\000P\000e\000n\000e\000l\000i\000t\000i\000a\000n}{section.5}% 68
\BOOKMARK [1][-]{section.6}{\376\377\000V\000I\000\040\000D\000i\000s\000k\000u\000s\000i}{}% 69
\BOOKMARK [2][-]{subsection.6.1}{\376\377\000V\000I\000-\000A\000\040\000K\000o\000n\000t\000r\000i\000b\000u\000s\000i\000\040\000A\000r\000s\000i\000t\000e\000k\000t\000u\000r\000\040\000D\000u\000a\000l\000-\000M\000o\000d\000a\000l\000\040\000d\000a\000n\000\040\000W\000a\000w\000a\000s\000a\000n\000\040\000P\000r\000o\000t\000o\000k\000o\000l\000\040\000P\000e\000l\000a\000t\000i\000h\000a\000n}{section.6}% 70
\BOOKMARK [2][-]{subsection.6.2}{\376\377\000V\000I\000-\000B\000\040\000S\000t\000r\000a\000t\000e\000g\000i\000\040\000P\000e\000n\000g\000e\000n\000a\000l\000\040\000B\000e\000k\000u\000\040\000d\000a\000n\000\040\000S\000t\000a\000b\000i\000l\000i\000t\000a\000s\000\040\000P\000e\000l\000a\000t\000i\000h\000a\000n}{section.6}% 71
\BOOKMARK [2][-]{subsection.6.3}{\376\377\000V\000I\000-\000C\000\040\000W\000a\000w\000a\000s\000a\000n\000\040\000O\000p\000t\000i\000m\000i\000s\000a\000s\000i\000\040\000B\000o\000b\000o\000t\000\040\000K\000e\000h\000i\000l\000a\000n\000g\000a\000n}{section.6}% 72
\BOOKMARK [2][-]{subsection.6.4}{\376\377\000V\000I\000-\000D\000\040\000G\000e\000n\000e\000r\000a\000l\000i\000s\000a\000s\000i\000\040\000p\000a\000d\000a\000\040\000D\000o\000k\000u\000m\000e\000n\000\040\000H\000i\000s\000t\000o\000r\000i\000s\000\040\000N\000y\000a\000t\000a}{section.6}% 73
\BOOKMARK [2][-]{subsection.6.5}{\376\377\000V\000I\000-\000E\000\040\000P\000e\000r\000t\000i\000m\000b\000a\000n\000g\000a\000n\000\040\000P\000e\000n\000e\000r\000a\000p\000a\000n\000\040\000P\000r\000a\000k\000t\000i\000s}{section.6}% 74
\BOOKMARK [2][-]{subsection.6.6}{\376\377\000V\000I\000-\000F\000\040\000K\000e\000t\000e\000r\000b\000a\000t\000a\000s\000a\000n\000\040\000d\000a\000n\000\040\000A\000r\000a\000h\000\040\000P\000e\000n\000e\000l\000i\000t\000i\000a\000n\000\040\000M\000a\000s\000a\000\040\000D\000e\000p\000a\000n}{section.6}% 75
\BOOKMARK [2][-]{subsection.6.7}{\376\377\000V\000I\000-\000G\000\040\000P\000e\000r\000t\000i\000m\000b\000a\000n\000g\000a\000n\000\040\000E\000t\000i\000s\000\040\000d\000a\000n\000\040\000P\000e\000l\000e\000s\000t\000a\000r\000i\000a\000n\000\040\000I\000n\000t\000e\000g\000r\000i\000t\000a\000s\000\040\000H\000i\000s\000t\000o\000r\000i\000s}{section.6}% 76
\BOOKMARK [3][-]{subsubsection.6.7.1}{\376\377\000V\000I\000-\000G\0001\000\040\000E\000t\000i\000k\000a\000\040\000M\000o\000d\000i\000f\000i\000k\000a\000s\000i\000\040\000D\000o\000k\000u\000m\000e\000n\000\040\000H\000i\000s\000t\000o\000r\000i\000s}{subsection.6.7}% 77
\BOOKMARK [3][-]{subsubsection.6.7.2}{\376\377\000V\000I\000-\000G\0002\000\040\000D\000e\000t\000e\000k\000s\000i\000\040\000d\000a\000n\000\040\000M\000i\000t\000i\000g\000a\000s\000i\000\040\000H\000a\000l\000u\000s\000i\000n\000a\000s\000i}{subsection.6.7}% 78
\BOOKMARK [3][-]{subsubsection.6.7.3}{\376\377\000V\000I\000-\000G\0003\000\040\000B\000i\000a\000s\000\040\000d\000a\000l\000a\000m\000\040\000D\000a\000t\000a\000\040\000P\000e\000l\000a\000t\000i\000h\000a\000n}{subsection.6.7}% 79
\BOOKMARK [3][-]{subsubsection.6.7.4}{\376\377\000V\000I\000-\000G\0004\000\040\000R\000e\000k\000o\000m\000e\000n\000d\000a\000s\000i\000\040\000u\000n\000t\000u\000k\000\040\000P\000r\000a\000k\000t\000i\000s\000i}{subsection.6.7}% 80
\BOOKMARK [1][-]{section.7}{\376\377\000V\000I\000I\000\040\000K\000e\000s\000i\000m\000p\000u\000l\000a\000n}{}% 81
\BOOKMARK [1][-]{section*.29}{\376\377\000R\000e\000f\000e\000r\000e\000n\000c\000e\000s}{}% 82
\BOOKMARK [1][-]{IEEEbiography.0}{\376\377\000B\000i\000o\000g\000r\000a\000p\000h\000i\000e\000s}{}% 83
\BOOKMARK [2][-]{IEEEbiography.1}{\376\377\000J\000a\000t\000n\000i\000k\000o\000\040\000N\000u\000r\000\040\000M\000u\000t\000a\000q\000i\000n}{IEEEbiography.0}% 84
\BOOKMARK [2][-]{IEEEbiography.2}{\376\377\000I\000\040\000G\000u\000s\000t\000i\000\040\000B\000a\000g\000u\000s\000\040\000B\000a\000s\000k\000a\000r\000a\000\040\000N\000u\000g\000r\000a\000h\000a}{IEEEbiography.0}% 85
