\BOOKMARK [1][]{Doc-Start}{BAB\040V\040HASIL\040DAN\040PEMBAHASAN}{}% 1
\BOOKMARK [2][]{subsection.5.1}{V.1\040Pendahuluan}{Doc-Start}% 2
\BOOKMARK [2][]{subsection.5.2}{V.2\040Konfigurasi\040Eksperimen}{Doc-Start}% 3
\BOOKMARK [3][]{subsubsection.5.2.1}{V.2.1\040Dataset\040dan\040Pembagian\040Data}{subsection.5.2}% 4
\BOOKMARK [3][]{subsubsection.5.2.2}{V.2.2\040Lingkungan\040Komputasi}{subsection.5.2}% 5
\BOOKMARK [3][]{subsubsection.5.2.3}{V.2.3\040Hiperparameter\040Pelatihan}{subsection.5.2}% 6
\BOOKMARK [3][]{subsubsection.5.2.4}{V.2.4\040Metrik\040Evaluasi}{subsection.5.2}% 7
\BOOKMARK [2][]{subsection.5.3}{V.3\040Hasil\040Analisis\040Kuantitatif}{Doc-Start}% 8
\BOOKMARK [3][]{subsubsection.5.3.1}{V.3.1\040Kinerja\040Model\040pada\040Data\040Uji}{subsection.5.3}% 9
\BOOKMARK [3][]{subsubsection.5.3.2}{V.3.2\040Analisis\040Kinerja\040Berdasarkan\040Tingkat\040Degradasi}{subsection.5.3}% 10
\BOOKMARK [3][]{subsubsection.5.3.3}{V.3.3\040Analisis\040Konvergensi\040Pelatihan}{subsection.5.3}% 11
\BOOKMARK [2][]{subsection.5.4}{V.4\040Hasil\040Analisis\040Kualitatif}{Doc-Start}% 12
\BOOKMARK [3][]{subsubsection.5.4.1}{V.4.1\040Visualisasi\040Hasil\040Restorasi}{subsection.5.4}% 13
\BOOKMARK [3][]{subsubsection.5.4.2}{V.4.2\040Analisis\040Detail\040Karakter}{subsection.5.4}% 14
\BOOKMARK [3][]{subsubsection.5.4.3}{V.4.3\040Analisis\040Koherensi\040Visual-Tekstual}{subsection.5.4}% 15
\BOOKMARK [2][]{subsection.5.5}{V.5\040Analisis\040Komparatif\040dengan\040Metode\040State-of-the-Art}{Doc-Start}% 16
\BOOKMARK [3][]{subsubsection.5.5.1}{V.5.1\040Perbandingan\040Metrik\040Kuantitatif}{subsection.5.5}% 17
\BOOKMARK [3][]{subsubsection.5.5.2}{V.5.2\040Perbandingan\040Kualitas\040Visual}{subsection.5.5}% 18
\BOOKMARK [3][]{subsubsection.5.5.3}{V.5.3\040Analisis\040Efisiensi\040Komputasi}{subsection.5.5}% 19
\BOOKMARK [2][]{subsection.5.6}{V.6\040Studi\040Ablasi\040Sistematis}{Doc-Start}% 20
\BOOKMARK [3][]{subsubsection.5.6.1}{V.6.1\040Desain\040Eksperimen\040Ablasi}{subsection.5.6}% 21
\BOOKMARK [3][]{subsubsection.5.6.2}{V.6.2\040Kontribusi\040Diskriminator\040Dual-Modal}{subsection.5.6}% 22
\BOOKMARK [3][]{subsubsection.5.6.3}{V.6.3\040Kontribusi\040Frozen\040Recognizer\040dengan\040Integrasi\040CTC\040Loss}{subsection.5.6}% 23
\BOOKMARK [3][]{subsubsection.5.6.4}{V.6.4\040Kontribusi\040Curriculum\040Learning}{subsection.5.6}% 24
\BOOKMARK [3][]{subsubsection.5.6.5}{V.6.5\040Optimasi\040Konfigurasi\040Loss\040Weights}{subsection.5.6}% 25
\BOOKMARK [3][]{subsubsection.5.6.6}{V.6.6\040Analisis\040Interaksi\040Antar\040Komponen}{subsection.5.6}% 26
\BOOKMARK [2][]{subsection.5.7}{V.7\040Pengujian\040Hipotesis\040Penelitian}{Doc-Start}% 27
\BOOKMARK [3][]{subsubsection.5.7.1}{V.7.1\040Uji\040Statistik\040untuk\040Perbedaan\040Metrik}{subsection.5.7}% 28
\BOOKMARK [3][]{subsubsection.5.7.2}{V.7.2\040Validasi\040Target\040Penelitian}{subsection.5.7}% 29
\BOOKMARK [3][]{subsubsection.5.7.3}{V.7.3\040Kesimpulan\040Pengujian\040Hipotesis}{subsection.5.7}% 30
\BOOKMARK [2][]{subsection.5.8}{V.8\040Pembahasan\040Mendalam}{Doc-Start}% 31
\BOOKMARK [3][]{subsubsection.5.8.1}{V.8.1\040Interpretasi\040Temuan\040Utama}{subsection.5.8}% 32
\BOOKMARK [3][]{subsubsection.5.8.2}{V.8.2\040Analisis\040Kegagalan\040dan\040Limitasi}{subsection.5.8}% 33
\BOOKMARK [3][]{subsubsection.5.8.3}{V.8.3\040Implikasi\040untuk\040Preservasi\040Digital\040Arsip}{subsection.5.8}% 34
\BOOKMARK [3][]{subsubsection.5.8.4}{V.8.4\040Komparasi\040dengan\040Baseline\040Penelitian}{subsection.5.8}% 35
\BOOKMARK [2][]{subsection.5.9}{V.9\040Validasi\040Kebaruan\040Penelitian}{Doc-Start}% 36
\BOOKMARK [3][]{subsubsection.5.9.1}{V.9.1\040Kontribusi\040Teoritis\040yang\040Tervalidasi}{subsection.5.9}% 37
\BOOKMARK [3][]{subsubsection.5.9.2}{V.9.2\040Kontribusi\040Praktis\040yang\040Tervalidasi}{subsection.5.9}% 38
\BOOKMARK [3][]{subsubsection.5.9.3}{V.9.3\040Posisi\040Penelitian\040dalam\040Landscape\040State-of-the-Art}{subsection.5.9}% 39
\BOOKMARK [2][]{subsection.5.10}{V.10\040Ringkasan\040Temuan}{Doc-Start}% 40
