\BOOKMARK [1][-]{Doc-Start}{\376\377\000B\000a\000b\000\040\000I\000V\000\040\000P\000e\000r\000a\000n\000c\000a\000n\000g\000a\000n\000\040\000S\000i\000s\000t\000e\000m}{}% 1
\BOOKMARK [2][-]{subsection.4.1}{\376\377\000A\000r\000s\000i\000t\000e\000k\000t\000u\000r\000\040\000d\000a\000n\000\040\000K\000o\000m\000p\000o\000n\000e\000n\000\040\000U\000t\000a\000m\000a}{Doc-Start}% 2
\BOOKMARK [3][-]{subsubsection.4.1.1}{\376\377\000A\000r\000s\000i\000t\000e\000k\000t\000u\000r\000\040\000G\000e\000n\000e\000r\000a\000t\000o\000r}{subsection.4.1}% 3
\BOOKMARK [3][-]{subsubsection.4.1.2}{\376\377\000A\000r\000s\000i\000t\000e\000k\000t\000u\000r\000\040\000D\000i\000s\000k\000r\000i\000m\000i\000n\000a\000t\000o\000r}{subsection.4.1}% 4
\BOOKMARK [3][-]{subsubsection.4.1.3}{\376\377\000A\000r\000s\000i\000t\000e\000k\000t\000u\000r\000\040\000H\000T\000R}{subsection.4.1}% 5
\BOOKMARK [3][-]{subsubsection.4.1.4}{\376\377\000F\000u\000n\000g\000s\000i\000\040\000L\000o\000s\000s\000\040\000M\000u\000l\000t\000i\000k\000o\000m\000p\000o\000n\000e\000n}{subsection.4.1}% 6
\BOOKMARK [2][-]{subsection.4.2}{\376\377\000P\000e\000n\000g\000e\000m\000b\000a\000n\000g\000a\000n\000\040\000D\000a\000t\000a\000s\000e\000t}{Doc-Start}% 7
\BOOKMARK [3][-]{subsubsection.4.2.1}{\376\377\000P\000e\000m\000b\000u\000a\000t\000a\000n\000\040\000G\000r\000o\000u\000n\000d\000\040\000T\000r\000u\000t\000h\000\040\000u\000n\000t\000u\000k\000\040\000G\000A\000N}{subsection.4.2}% 8
\BOOKMARK [3][-]{subsubsection.4.2.2}{\376\377\000P\000e\000m\000b\000u\000a\000t\000a\000n\000\040\000G\000r\000o\000u\000n\000d\000\040\000T\000r\000u\000t\000h\000\040\000u\000n\000t\000u\000k\000\040\000R\000e\000c\000o\000g\000n\000i\000z\000e\000r}{subsection.4.2}% 9
\BOOKMARK [3][-]{subsubsection.4.2.3}{\376\377\000D\000a\000t\000a\000s\000e\000t\000\040\000E\000v\000a\000l\000u\000a\000s\000i\000\040\000K\000u\000a\000n\000t\000i\000t\000a\000t\000i\000f}{subsection.4.2}% 10
\BOOKMARK [3][-]{subsubsection.4.2.4}{\376\377\000D\000a\000t\000a\000s\000e\000t\000\040\000E\000v\000a\000l\000u\000a\000s\000i\000\040\000K\000u\000a\000l\000i\000t\000a\000t\000i\000f}{subsection.4.2}% 11
\BOOKMARK [2][-]{subsection.4.3}{\376\377\000S\000t\000r\000a\000t\000e\000g\000i\000\040\000d\000a\000n\000\040\000P\000r\000o\000t\000o\000k\000o\000l\000\040\000P\000e\000l\000a\000t\000i\000h\000a\000n}{Doc-Start}% 12
\BOOKMARK [3][-]{subsubsection.4.3.1}{\376\377\000C\000u\000r\000r\000i\000c\000u\000l\000u\000m\000\040\000L\000e\000a\000r\000n\000i\000n\000g\000\040\000d\000a\000n\000\040\000P\000r\000o\000t\000o\000k\000o\000l\000\040\000O\000p\000t\000i\000m\000i\000s\000a\000s\000i}{subsection.4.3}% 13
\BOOKMARK [3][-]{subsubsection.4.3.2}{\376\377\000M\000e\000k\000a\000n\000i\000s\000m\000e\000\040\000R\000e\000g\000u\000l\000a\000r\000i\000s\000a\000s\000i\000\040\000d\000a\000n\000\040\000K\000o\000n\000f\000i\000g\000u\000r\000a\000s\000i\000\040\000T\000e\000k\000n\000i\000s}{subsection.4.3}% 14
\BOOKMARK [2][-]{subsection.4.4}{\376\377\000K\000o\000n\000f\000i\000g\000u\000r\000a\000s\000i\000\040\000E\000v\000a\000l\000u\000a\000s\000i}{Doc-Start}% 15
\BOOKMARK [3][-]{subsubsection.4.4.1}{\376\377\000M\000e\000t\000o\000d\000e\000\040\000K\000l\000a\000s\000i\000k\000\040\000u\000n\000t\000u\000k\000\040\000P\000e\000r\000b\000a\000n\000d\000i\000n\000g\000a\000n\000\040\000K\000u\000a\000n\000t\000i\000t\000a\000t\000i\000f}{subsection.4.4}% 16
\BOOKMARK [3][-]{subsubsection.4.4.2}{\376\377\000S\000t\000u\000d\000i\000\040\000A\000b\000l\000a\000s\000i\000\040\000s\000e\000b\000a\000g\000a\000i\000\040\000V\000a\000l\000i\000d\000a\000s\000i\000\040\000K\000o\000m\000p\000o\000n\000e\000n}{subsection.4.4}% 17
\BOOKMARK [3][-]{subsubsection.4.4.3}{\376\377\000M\000e\000t\000r\000i\000k\000\040\000E\000v\000a\000l\000u\000a\000s\000i}{subsection.4.4}% 18
\BOOKMARK [3][-]{subsubsection.4.4.4}{\376\377\000F\000o\000r\000m\000u\000l\000a\000\040\000M\000a\000t\000e\000m\000a\000t\000i\000k\000a}{subsection.4.4}% 19
\BOOKMARK [3][-]{subsubsection.4.4.5}{\376\377\000M\000e\000t\000r\000i\000k\000\040\000P\000e\000n\000i\000n\000g\000k\000a\000t\000a\000n\000\040\000R\000e\000l\000a\000t\000i\000f}{subsection.4.4}% 20
