\BOOKMARK [0][]{chapter.1}{1\040Pendahuluan}{}% 1
\BOOKMARK [1][]{section*.1}{BAB\040I\040PENDAHULUAN}{chapter.1}% 2
\BOOKMARK [2][]{subsection.1.1.1}{1.1.1\040Latar\040Belakang}{chapter.1}% 3
\BOOKMARK [2][]{subsection.1.1.2}{1.1.2\040Rumusan\040Masalah}{chapter.1}% 4
\BOOKMARK [2][]{subsection.1.1.3}{1.1.3\040Pertanyaan\040Penelitian}{chapter.1}% 5
\BOOKMARK [2][]{subsection.1.1.4}{1.1.4\040Tujuan\040Penelitian}{chapter.1}% 6
\BOOKMARK [2][]{subsection.1.1.5}{1.1.5\040Ruang\040Lingkup}{chapter.1}% 7
\BOOKMARK [2][]{subsection.1.1.6}{1.1.6\040Hipotesis\040Penelitian}{chapter.1}% 8
\BOOKMARK [2][]{subsection.1.1.7}{1.1.7\040Kebaruan\040Penelitian}{chapter.1}% 9
\BOOKMARK [2][]{subsection.1.1.8}{1.1.8\040Sistematika\040Penulisan}{chapter.1}% 10
\BOOKMARK [0][]{chapter.2}{2\040Tinjauan\040Pustaka}{}% 11
\BOOKMARK [1][]{section*.2}{BAB\040II\040TINJAUAN\040PUSTAKA}{chapter.2}% 12
\BOOKMARK [2][]{subsection.2.2.1}{2.2.1\040Degradasi\040Dokumen\040Historis:\040Karakteristik\040dan\040Tantangan}{chapter.2}% 13
\BOOKMARK [2][]{subsection.2.2.2}{2.2.2\040Evolusi\040Metode\040Restorasi\040Dokumen:\040Dari\040Tradisional\040hingga\040Deep\040Learning}{chapter.2}% 14
\BOOKMARK [2][]{subsection.2.2.3}{2.2.3\040Generative\040Adversarial\040Networks:\040Teori\040dan\040Aplikasi\040untuk\040Restorasi\040Dokumen}{chapter.2}% 15
\BOOKMARK [2][]{subsection.2.2.4}{2.2.4\040Kajian\040Terkini\040dalam\040Restorasi\040Dokumen}{chapter.2}% 16
\BOOKMARK [2][]{subsection.2.2.5}{2.2.5\040Pengenalan\040Teks\040Tulisan\040Tangan:\040Arsitektur\040dan\040Tantangan}{chapter.2}% 17
\BOOKMARK [2][]{subsection.2.2.6}{2.2.6\040Pembelajaran\040Multi-Modal\040dan\040Diskriminator\040Dual-Modal}{chapter.2}% 18
\BOOKMARK [2][]{subsection.2.2.7}{2.2.7\040Sintesis\040Fungsi\040Loss\040dan\040Optimasi\040Multi-Objektif}{chapter.2}% 19
\BOOKMARK [2][]{subsection.2.2.8}{2.2.8\040Kesenjangan\040Penelitian\040dan\040Positioning}{chapter.2}% 20
\BOOKMARK [2][]{subsection.2.2.9}{2.2.9\040Ringkasan\040dan\040Transisi\040ke\040Metodologi}{chapter.2}% 21
\BOOKMARK [0][]{chapter.3}{3\040Metodologi}{}% 22
\BOOKMARK [1][]{section*.16}{BAB\040III\040METODOLOGI\040PENELITIAN}{chapter.3}% 23
\BOOKMARK [2][]{subsection.3.3.1}{3.3.1\040Kerangka\040Teori\040Metodologi\040Penelitian}{chapter.3}% 24
\BOOKMARK [2][]{subsection.3.3.2}{3.3.2\040Tahapan\040Penelitian}{chapter.3}% 25
\BOOKMARK [0][]{chapter.4}{4\040Desain\040dan\040Analisis\040Sistem}{}% 26
\BOOKMARK [1][]{section*.24}{BAB\040IV\040PERANCANGAN\040DAN\040IMPLEMENTASI\040SISTEM}{chapter.4}% 27
\BOOKMARK [2][]{subsection.4.4.1}{IV.1\040Rancangan\040Arsitektur}{chapter.4}% 28
\BOOKMARK [2][]{subsection.4.4.2}{IV.2\040Lingkungan\040Eksperimen\040dan\040Spesifikasi\040Komputasi}{chapter.4}% 29
\BOOKMARK [2][]{subsection.4.4.3}{IV.3\040Implementasi\040Pipeline\040Data\040dan\040Training\040Framework}{chapter.4}% 30
\BOOKMARK [2][]{subsection.4.4.4}{IV.4\040Strategi\040dan\040Protokol\040Training}{chapter.4}% 31
\BOOKMARK [0][]{chapter*.34}{Daftar\040Pustaka}{}% 32
