\BOOKMARK [1][]{Doc-Start}{DAFTAR\040LAMBANG\040DAN\040SINGKATAN}{}% 1
\BOOKMARK [1][]{table.0.2}{BAB\040I\040PENDAHULUAN}{}% 2
\BOOKMARK [2][]{subsection.1.1}{I.1\040Latar\040Belakang}{table.0.2}% 3
\BOOKMARK [2][]{subsection.1.2}{I.2\040Rumusan\040Masalah}{table.0.2}% 4
\BOOKMARK [2][]{subsection.1.3}{I.3\040Pertanyaan\040Penelitian}{table.0.2}% 5
\BOOKMARK [2][]{subsection.1.4}{I.4\040Tujuan\040Penelitian}{table.0.2}% 6
\BOOKMARK [2][]{subsection.1.5}{I.5\040Ruang\040Lingkup}{table.0.2}% 7
\BOOKMARK [2][]{subsection.1.6}{I.6\040Hipotesis\040Penelitian}{table.0.2}% 8
\BOOKMARK [2][]{subsection.1.7}{I.7\040Kebaruan\040Penelitian}{table.0.2}% 9
\BOOKMARK [2][]{subsection.1.8}{I.8\040Sistematika\040Penulisan}{table.0.2}% 10
\BOOKMARK [1][]{subsection.1.8}{BAB\040II\040TINJAUAN\040PUSTAKA}{}% 11
\BOOKMARK [2][]{subsection.2.1}{II.1\040Degradasi\040Dokumen\040Historis:\040Karakteristik\040dan\040Tantangan}{subsection.1.8}% 12
\BOOKMARK [3][]{subsubsection.2.1.1}{II.1.1\040Taksonomi\040Degradasi\040Dokumen}{subsection.2.1}% 13
\BOOKMARK [4][]{paragraph.2.1.1.1}{1\040Bleed\040Through\040\(Tembusan\040Tinta\)}{subsubsection.2.1.1}% 14
\BOOKMARK [4][]{paragraph.2.1.1.2}{2\040Korosi\040Tinta\040Besi\040Galat\040\(Iron\040Gall\040Ink\040Corrosion\)}{subsubsection.2.1.1}% 15
\BOOKMARK [4][]{paragraph.2.1.1.3}{3\040Penuaan\040Kertas\040dan\040Penguningan}{subsubsection.2.1.1}% 16
\BOOKMARK [4][]{paragraph.2.1.1.4}{4\040Kerusakan\040Fisik\040\(Robekan,\040Lipatan,\040Sobekan\)}{subsubsection.2.1.1}% 17
\BOOKMARK [4][]{paragraph.2.1.1.5}{5\040Pemudaran\040dan\040Degradasi\040Tinta}{subsubsection.2.1.1}% 18
\BOOKMARK [4][]{paragraph.2.1.1.6}{6\040Degradasi\040Gabungan\040dan\040Interaksi\040Kompleks}{subsubsection.2.1.1}% 19
\BOOKMARK [2][]{subsection.2.2}{II.2\040Evolusi\040Metode\040Restorasi\040Dokumen:\040Dari\040Tradisional\040hingga\040Pembelajaran\040Mendalam}{subsection.1.8}% 20
\BOOKMARK [3][]{subsubsection.2.2.1}{II.2.1\040Pendekatan\040Tradisional:\040Evaluasi\040Komprehensif\040Keterbatasan}{subsection.2.2}% 21
\BOOKMARK [4][]{paragraph.2.2.1.1}{1\040Paradigma\0401:\040Metode\040Berbasis\040Ambang\040Batas}{subsubsection.2.2.1}% 22
\BOOKMARK [4][]{paragraph.2.2.1.2}{2\040Paradigma\0402:\040Metode\040Berbasis\040Energi}{subsubsection.2.2.1}% 23
\BOOKMARK [4][]{paragraph.2.2.1.3}{3\040Paradigma\0403:\040Metode\040Berbasis\040Model\040Statistik}{subsubsection.2.2.1}% 24
\BOOKMARK [3][]{subsubsection.2.2.2}{II.2.2\040Transisi\040ke\040Pembelajaran\040Mendalam:\040Autoencoder\040dan\040U-Net}{subsection.2.2}% 25
\BOOKMARK [4][]{paragraph.2.2.2.1}{1\040Autoencoder\040untuk\040Terjemahan\040Citra-ke-Citra}{subsubsection.2.2.2}% 26
\BOOKMARK [4][]{paragraph.2.2.2.2}{2\040U-Net:\040Koneksi\040Pintas\040untuk\040Preservasi\040Detail}{subsubsection.2.2.2}% 27
\BOOKMARK [2][]{subsection.2.3}{II.3\040Generative\040Adversarial\040Networks:\040Teori\040dan\040Aplikasi\040untuk\040Restorasi\040Dokumen}{subsection.1.8}% 28
\BOOKMARK [3][]{subsubsection.2.3.1}{II.3.1\040Arsitektur\040dan\040Mekanisme\040GAN}{subsection.2.3}% 29
\BOOKMARK [4][]{paragraph.2.3.1.1}{1\040Formulasi\040Matematis}{subsubsection.2.3.1}% 30
\BOOKMARK [4][]{paragraph.2.3.1.2}{2\040Conditional\040GAN\040untuk\040Terjemahan\040Citra-ke-Citra}{subsubsection.2.3.1}% 31
\BOOKMARK [3][]{subsubsection.2.3.2}{II.3.2\040Pix2Pix\040dan\040Evolusi\040untuk\040Keluaran\040Terstruktur}{subsection.2.3}% 32
\BOOKMARK [4][]{paragraph.2.3.2.1}{1\040Inovasi\040Kunci\040Pix2Pix}{subsubsection.2.3.2}% 33
\BOOKMARK [2][]{subsection.2.4}{II.4\040Kajian\040Terkini\040dalam\040Restorasi\040Dokumen}{subsection.1.8}% 34
\BOOKMARK [3][]{subsubsection.2.4.1}{II.4.1\040ERB-MultiTask:\040Integrasi\040Pionir\040GAN\040dan\040HTR\040Pengenal}{subsection.2.4}% 35
\BOOKMARK [4][]{paragraph.2.4.1.1}{1\040Konteks\040Penelitian\040dan\040Posisi\040dalam\040Evolusi\040GAN-HTR}{subsubsection.2.4.1}% 36
\BOOKMARK [4][]{paragraph.2.4.1.2}{2\040Inovasi\040Arsitektural:\040Integrasi\040Multi-Modal\040GAN-CRNN}{subsubsection.2.4.1}% 37
\BOOKMARK [4][]{paragraph.2.4.1.3}{3\040Spesifikasi\040Teknis\040Arsitektur}{subsubsection.2.4.1}% 38
\BOOKMARK [4][]{paragraph.2.4.1.4}{4\040Protokol\040Evaluasi\040dan\040Validasi\040Eksperimental}{subsubsection.2.4.1}% 39
\BOOKMARK [4][]{paragraph.2.4.1.5}{5\040Evaluasi\040Komprehensif\040dan\040Keterbatasan\040Fundamental}{subsubsection.2.4.1}% 40
\BOOKMARK [3][]{subsubsection.2.4.2}{II.4.2\040DE-GAN:\040Peningkatan\040Dokumen\040dengan\040Pendekatan\040Adversarial}{subsection.2.4}% 41
\BOOKMARK [4][]{paragraph.2.4.2.1}{1\040Arsitektur\040dan\040Karakteristik}{subsubsection.2.4.2}% 42
\BOOKMARK [4][]{paragraph.2.4.2.2}{2\040Perbedaan\040Pendekatan:\040DE-GAN\040vs\040ERB-MultiTask}{subsubsection.2.4.2}% 43
\BOOKMARK [3][]{subsubsection.2.4.3}{II.4.3\040Analisis\040Komparatif:\040ERB-MultiTask\040vs\040DE-GAN}{subsection.2.4}% 44
\BOOKMARK [3][]{subsubsection.2.4.4}{II.4.4\040Text-DIAE:\040Autoenkoder\040Invarian\040Degradasi\040Mandiri}{subsection.2.4}% 45
\BOOKMARK [4][]{paragraph.2.4.4.1}{1\040Keunggulan\040Komparatif\040Text-DIAE}{subsubsection.2.4.4}% 46
\BOOKMARK [4][]{paragraph.2.4.4.2}{2\040Relevansi\040dan\040Kesenjangan\040yang\040Teridentifikasi}{subsubsection.2.4.4}% 47
\BOOKMARK [3][]{subsubsection.2.4.5}{II.4.5\040DocEnTr:\040Pendekatan\040Berbasis\040Transformer\040Saja\040untuk\040Peningkatan\040Dokumen}{subsection.2.4}% 48
\BOOKMARK [4][]{paragraph.2.4.5.1}{1\040Keunggulan\040Komparatif\040DocEnTr}{subsubsection.2.4.5}% 49
\BOOKMARK [4][]{paragraph.2.4.5.2}{2\040Relevansi\040dan\040Kesenjangan\040yang\040Teridentifikasi}{subsubsection.2.4.5}% 50
\BOOKMARK [3][]{subsubsection.2.4.6}{II.4.6\040Debat\040Metodologis:\040Pendekatan\040Berbasis\040Transformer\040Saja\040vs\040Berbasis\040GAN}{subsection.2.4}% 51
\BOOKMARK [4][]{paragraph.2.4.6.1}{1\040Posisi\0401:\040Transformer-Only\040Sufficiency}{subsubsection.2.4.6}% 52
\BOOKMARK [3][]{subsubsection.2.4.7}{II.4.7\040CycleGAN\040dan\040Pembelajaran\040Tak\040Berpasangan\040untuk\040Peningkatan\040Dokumen}{subsection.2.4}% 53
\BOOKMARK [4][]{paragraph.2.4.7.1}{1\040Cycle\040Consistency\040sebagai\040Constraint}{subsubsection.2.4.7}% 54
\BOOKMARK [4][]{paragraph.2.4.7.2}{2\040Analisis\040untuk\040Restorasi\040Dokumen}{subsubsection.2.4.7}% 55
\BOOKMARK [3][]{subsubsection.2.4.8}{II.4.8\040Refleksi\040Komprehensif\040terhadap\040Bias\040Metodologis\040dalam\040Literatur}{subsection.2.4}% 56
\BOOKMARK [4][]{paragraph.2.4.8.1}{1\040Bias\040Dataset\040dan\040Representasi}{subsubsection.2.4.8}% 57
\BOOKMARK [4][]{paragraph.2.4.8.2}{2\040Bias\040Metrik\040Evaluasi}{subsubsection.2.4.8}% 58
\BOOKMARK [4][]{paragraph.2.4.8.3}{3\040Bias\040Publikasi\040dan\040Pelaporan\040Selektif}{subsubsection.2.4.8}% 59
\BOOKMARK [4][]{paragraph.2.4.8.4}{4\040Bias\040Temporal\040dan\040Arsitektur}{subsubsection.2.4.8}% 60
\BOOKMARK [4][]{paragraph.2.4.8.5}{5\040Bias\040Degradasi\040Sintetis}{subsubsection.2.4.8}% 61
\BOOKMARK [4][]{paragraph.2.4.8.6}{6\040Implikasi\040untuk\040Penelitian}{subsubsection.2.4.8}% 62
\BOOKMARK [2][]{subsection.2.5}{II.5\040Pengenalan\040Teks\040Tulisan\040Tangan:\040Arsitektur\040dan\040Tantangan}{subsection.1.8}% 63
\BOOKMARK [3][]{subsubsection.2.5.1}{II.5.1\040Evolusi\040Arsitektur\040HTR}{subsection.2.5}% 64
\BOOKMARK [3][]{subsubsection.2.5.2}{II.5.2\040Loss\040CTC:\040Mekanisme\040dan\040Implikasi\040untuk\040Restorasi}{subsection.2.5}% 65
\BOOKMARK [4][]{paragraph.2.5.2.1}{1\040Penyelarasan\040CTC\040dan\040Blank\040Token}{subsubsection.2.5.2}% 66
\BOOKMARK [4][]{paragraph.2.5.2.2}{2\040Implikasi\040untuk\040Restorasi\040Dokumen}{subsubsection.2.5.2}% 67
\BOOKMARK [3][]{subsubsection.2.5.3}{II.5.3\040HTR\040Berbasis\040Transformer\040dan\040Pembelajaran\040Mandiri:\040Perkembangan\040Terkini}{subsection.2.5}% 68
\BOOKMARK [3][]{subsubsection.2.5.4}{II.5.4\040Transformer\040dalam\040Peningkatan\040Dokumen}{subsection.2.5}% 69
\BOOKMARK [3][]{subsubsection.2.5.5}{II.5.5\040Pembelajaran\040Mandiri:\040Revolusi\040dalam\040Pemrosesan\040Dokumen}{subsection.2.5}% 70
\BOOKMARK [3][]{subsubsection.2.5.6}{II.5.6\040Kompromi\040antara\040Pembelajaran\040Terawasi\040dan\040Mandiri}{subsection.2.5}% 71
\BOOKMARK [3][]{subsubsection.2.5.7}{II.5.7\040Arsitektur\040CNN+Transformer\040dan\040Justifikasi\040untuk\040Kasus\040Paleografi}{subsection.2.5}% 72
\BOOKMARK [4][]{paragraph.2.5.7.1}{1\040Arsitektur\040Dasar\040HTR\040Transformer}{subsubsection.2.5.7}% 73
\BOOKMARK [4][]{paragraph.2.5.7.2}{2\040Justifikasi\040Pemilihan\040Arsitektur\040untuk\040Dokumen\040Paleografi}{subsubsection.2.5.7}% 74
\BOOKMARK [3][]{subsubsection.2.5.8}{II.5.8\040Analisis\040Komparatif:\040CNN+Transformer\040vs\040HTR\040Konvensional}{subsection.2.5}% 75
\BOOKMARK [4][]{paragraph.2.5.8.1}{1\040Perbedaan\040Arsitektural\040Fundamental}{subsubsection.2.5.8}% 76
\BOOKMARK [4][]{paragraph.2.5.8.2}{2\040Keunggulan\040Komparatif\040dalam\040Konteks\040Dokumen\040Paleografi}{subsubsection.2.5.8}% 77
\BOOKMARK [2][]{subsection.2.6}{II.6\040Pembelajaran\040Multi-Modal\040dan\040Diskriminator\040Dual-Modal}{subsection.1.8}% 78
\BOOKMARK [3][]{subsubsection.2.6.1}{II.6.1\040Landasan\040Teoretis\040dan\040Kemajuan\040Arsitektur\040Multi-Modal}{subsection.2.6}% 79
\BOOKMARK [4][]{paragraph.2.6.1.1}{1\040Kemajuan\040Terkini\040dalam\040Arsitektur\040Multi-Modal}{subsubsection.2.6.1}% 80
\BOOKMARK [4][]{paragraph.2.6.1.2}{2\040Strategi\040Fusi\040Multi-Modal}{subsubsection.2.6.1}% 81
\BOOKMARK [3][]{subsubsection.2.6.2}{II.6.2\040Aplikasi\040Multi-Modal\040untuk\040Restorasi\040Dokumen}{subsection.2.6}% 82
\BOOKMARK [3][]{subsubsection.2.6.3}{II.6.3\040Konsep\040Diskriminator\040Multi-Modal}{subsection.2.6}% 83
\BOOKMARK [2][]{subsection.2.7}{II.7\040Sintesis\040Fungsi\040Loss\040dan\040Optimasi\040Multi-Objektif}{subsection.1.8}% 84
\BOOKMARK [3][]{subsubsection.2.7.1}{II.7.1\040Keterbatasan\040Pelatihan\040Loss\040Tunggal}{subsection.2.7}% 85
\BOOKMARK [3][]{subsubsection.2.7.2}{II.7.2\040Kerangka\040Konseptual\040Fungsi\040Loss\040Multi-Komponen}{subsection.2.7}% 86
\BOOKMARK [3][]{subsubsection.2.7.3}{II.7.3\040Tantangan\040Penyeimbangan\040Multi-Objektif}{subsection.2.7}% 87
\BOOKMARK [2][]{subsection.2.8}{II.8\040Kesenjangan\040Penelitian\040dan\040Positioning}{subsection.1.8}% 88
\BOOKMARK [3][]{subsubsection.2.8.1}{II.8.1\040Sintesis\040Keterbatasan\040Metode\040yang\040Ada}{subsection.2.8}% 89
\BOOKMARK [3][]{subsubsection.2.8.2}{II.8.2\040Posisi\040dan\040Kontribusi\040Penelitian\040Ini}{subsection.2.8}% 90
\BOOKMARK [2][]{subsection.2.9}{II.9\040Ringkasan\040dan\040Transisi\040ke\040Metodologi}{subsection.1.8}% 91
\BOOKMARK [1][]{subsection.2.9}{BAB\040III\040METODOLOGI\040PENELITIAN}{}% 92
\BOOKMARK [2][]{subsection.3.1}{III.1\040Kerangka\040Teori\040Metodologi\040Penelitian}{subsection.2.9}% 93
\BOOKMARK [3][]{subsubsection.3.1.1}{III.1.1\040Design\040Science\040Research\040Methodology\040\(DSRM\)}{subsection.3.1}% 94
\BOOKMARK [3][]{subsubsection.3.1.2}{III.1.2\040Adaptasi\040DSRM\040untuk\040Pengembangan\040Framework\040GAN-HTR}{subsection.3.1}% 95
\BOOKMARK [3][]{subsubsection.3.1.3}{III.1.3\040Siklus\040Iteratif\040Berbasis\040Bukti\040Empiris}{subsection.3.1}% 96
\BOOKMARK [2][]{subsection.3.2}{III.2\040Tahapan\040Penelitian}{subsection.2.9}% 97
\BOOKMARK [3][]{subsubsection.3.2.1}{III.2.1\040Identifikasi\040Masalah\040dan\040Motivasi\040\(Tahap\0401\)}{subsection.3.2}% 98
\BOOKMARK [4][]{paragraph.3.2.1.1}{1\040Aktivitas\040Utama:}{subsubsection.3.2.1}% 99
\BOOKMARK [3][]{subsubsection.3.2.2}{III.2.2\040Definisi\040Tujuan\040Solusi\040\(Tahap\0402\)}{subsection.3.2}% 100
\BOOKMARK [4][]{paragraph.3.2.2.1}{1\040Tujuan\040Kuantitatif:}{subsubsection.3.2.2}% 101
\BOOKMARK [4][]{paragraph.3.2.2.2}{2\040Tujuan\040Kualitatif:}{subsubsection.3.2.2}% 102
\BOOKMARK [3][]{subsubsection.3.2.3}{III.2.3\040Analisis\040dan\040Spesifikasi\040Kebutuhan\040Sistem\040\(Tahap\0401-2\040Extended\)}{subsection.3.2}% 103
\BOOKMARK [4][]{paragraph.3.2.3.1}{1\040Kebutuhan\040Fungsional}{subsubsection.3.2.3}% 104
\BOOKMARK [4][]{paragraph.3.2.3.2}{2\040Kebutuhan\040Non-Fungsional}{subsubsection.3.2.3}% 105
\BOOKMARK [4][]{paragraph.3.2.3.3}{3\040Traceability\040Matrix}{subsubsection.3.2.3}% 106
\BOOKMARK [3][]{subsubsection.3.2.4}{III.2.4\040Desain\040dan\040Pengembangan\040Artefak\040\(Tahap\0403\)}{subsection.3.2}% 107
\BOOKMARK [4][]{paragraph.3.2.4.1}{1\040Fase\0401:\040Persiapan\040Dataset\040HTR}{subsubsection.3.2.4}% 108
\BOOKMARK [4][]{paragraph.3.2.4.2}{2\040Fase\0402:\040Pelatihan\040dan\040Pembekuan\040Recognizer}{subsubsection.3.2.4}% 109
\BOOKMARK [4][]{paragraph.3.2.4.3}{3\040Fase\0403:\040Synthetic\040Degradation\040Pipeline}{subsubsection.3.2.4}% 110
\BOOKMARK [4][]{paragraph.3.2.4.4}{4\040Fase\0404:\040Implementasi\040dan\040Training\040GAN}{subsubsection.3.2.4}% 111
\BOOKMARK [4][]{paragraph.3.2.4.5}{5\040Fase\0405:\040Studi\040Ablasi\040dan\040Optimasi\040Konfigurasi}{subsubsection.3.2.4}% 112
\BOOKMARK [3][]{subsubsection.3.2.5}{III.2.5\040Demonstrasi\040\(Tahap\0404\)}{subsection.3.2}% 113
\BOOKMARK [4][]{paragraph.3.2.5.1}{1\040Protokol\040Demonstrasi:}{subsubsection.3.2.5}% 114
\BOOKMARK [3][]{subsubsection.3.2.6}{III.2.6\040Evaluasi\040\(Tahap\0405\)}{subsection.3.2}% 115
\BOOKMARK [4][]{paragraph.3.2.6.1}{1\040Evaluasi\040Kuantitatif:}{subsubsection.3.2.6}% 116
\BOOKMARK [4][]{paragraph.3.2.6.2}{2\040Studi\040Ablasi\040Sistematis:}{subsubsection.3.2.6}% 117
\BOOKMARK [4][]{paragraph.3.2.6.3}{3\040Evaluasi\040Komparatif\040dengan\040Metode\040Baseline:}{subsubsection.3.2.6}% 118
\BOOKMARK [4][]{paragraph.3.2.6.4}{4\040Validasi\040Hipotesis:}{subsubsection.3.2.6}% 119
\BOOKMARK [3][]{subsubsection.3.2.7}{III.2.7\040Komunikasi\040\(Tahap\0406\)}{subsection.3.2}% 120
\BOOKMARK [4][]{paragraph.3.2.7.1}{1\040Diseminasi\040Akademik:}{subsubsection.3.2.7}% 121
\BOOKMARK [4][]{paragraph.3.2.7.2}{2\040Reproduktibilitas\040dan\040Open\040Science:}{subsubsection.3.2.7}% 122
\BOOKMARK [4][]{paragraph.3.2.7.3}{3\040Transfer\040Pengetahuan\040kepada\040Praktisi:}{subsubsection.3.2.7}% 123
\BOOKMARK [1][]{paragraph.3.2.7.3}{BAB\040IV\040PERANCANGAN\040DAN\040IMPLEMENTASI\040SISTEM}{}% 124
\BOOKMARK [2][]{subsection.4.3}{IV.3\040Rancangan\040Arsitektur}{paragraph.3.2.7.3}% 125
\BOOKMARK [3][]{subsubsection.4.3.1}{IV.3.1\040Pemilihan\040Arsitektur\040Baseline\040dan\040Hipotesis\040Inovasi}{subsection.4.3}% 126
\BOOKMARK [3][]{subsubsection.4.3.2}{IV.3.2\040Komponen\040Utama\040dan\040Interaksi\040Arsitektur}{subsection.4.3}% 127
\BOOKMARK [3][]{subsubsection.4.3.3}{IV.3.3\040Arsitektur\040Generator:\040U-Net\040Enhanced\040dengan\040Blok\040Residual}{subsection.4.3}% 128
\BOOKMARK [4][]{paragraph.4.3.3.1}{1\040Spesifikasi\040Arsitektur\040Generator}{subsubsection.4.3.3}% 129
\BOOKMARK [4][]{paragraph.4.3.3.2}{2\040Rasional\040Desain\040dan\040Keunggulan\040Teknis}{subsubsection.4.3.3}% 130
\BOOKMARK [3][]{subsubsection.4.3.4}{IV.3.4\040Integrasi\040Frozen\040Recognizer\040HTR}{subsection.4.3}% 131
\BOOKMARK [4][]{paragraph.4.3.4.1}{1\040Mekanisme\040Pembekuan\040dan\040Pencegahan\040Kompetisi\040Gradien}{subsubsection.4.3.4}% 132
\BOOKMARK [4][]{paragraph.4.3.4.2}{2\040Analisis\040Komparatif\040Strategi\040Integrasi\040Pengenal\040HTR}{subsubsection.4.3.4}% 133
\BOOKMARK [4][]{paragraph.4.3.4.3}{3\040Justifikasi\040Pemilihan\040Strategi\040Pengenal\040Beku}{subsubsection.4.3.4}% 134
\BOOKMARK [3][]{subsubsection.4.3.5}{IV.3.5\040Ekstraksi\040Fitur\040dan\040Perhitungan\040Loss}{subsection.4.3}% 135
\BOOKMARK [3][]{subsubsection.4.3.6}{IV.3.6\040Diskriminator\040Dual-Modal\040Enhanced}{subsection.4.3}% 136
\BOOKMARK [4][]{paragraph.4.3.6.1}{1\040Spesifikasi\040Arsitektur\040Diskriminator}{subsubsection.4.3.6}% 137
\BOOKMARK [4][]{paragraph.4.3.6.2}{2\040Cabang\040Citra\040\(CNN\040dengan\040Atensi\040Spasial\)}{subsubsection.4.3.6}% 138
\BOOKMARK [4][]{paragraph.4.3.6.3}{3\040Cabang\040Teks\040\(BiLSTM\040dengan\040Atensi-Mandiri\)}{subsubsection.4.3.6}% 139
\BOOKMARK [4][]{paragraph.4.3.6.4}{4\040Fusi\040Cross-Modal}{subsubsection.4.3.6}% 140
\BOOKMARK [4][]{paragraph.4.3.6.5}{5\040Konfigurasi\040Hyperparameter}{subsubsection.4.3.6}% 141
\BOOKMARK [4][]{paragraph.4.3.6.6}{6\040Motivasi\040dan\040Rasional\040Desain}{subsubsection.4.3.6}% 142
\BOOKMARK [3][]{subsubsection.4.3.7}{IV.3.7\040Fungsi\040Loss\040Multikomponen}{subsection.4.3}% 143
\BOOKMARK [4][]{paragraph.4.3.7.1}{1\040Adversarial\040Loss}{subsubsection.4.3.7}% 144
\BOOKMARK [4][]{paragraph.4.3.7.2}{2\040Pixel\040Reconstruction\040Loss}{subsubsection.4.3.7}% 145
\BOOKMARK [4][]{paragraph.4.3.7.3}{3\040Perceptual\040Loss}{subsubsection.4.3.7}% 146
\BOOKMARK [4][]{paragraph.4.3.7.4}{4\040CTC\040Loss}{subsubsection.4.3.7}% 147
\BOOKMARK [4][]{paragraph.4.3.7.5}{5\040Recognition\040Feature\040Loss}{subsubsection.4.3.7}% 148
\BOOKMARK [2][]{subsection.4.4}{IV.4\040Lingkungan\040Eksperimen\040dan\040Spesifikasi\040Komputasi}{paragraph.3.2.7.3}% 149
\BOOKMARK [3][]{paragraph.4.4.0.1}{1\040Infrastruktur\040Software\040dan\040Protokol\040Reproduktibilitas}{subsection.4.4}% 150
\BOOKMARK [2][]{subsection.4.5}{IV.5\040Pengaturan\040Eksperimental}{paragraph.3.2.7.3}% 151
\BOOKMARK [3][]{subsubsection.4.5.1}{IV.5.1\040Dataset\040Semi-Sintetis\040Realistis\040untuk\040Evaluasi\040Kuantitatif}{subsection.4.5}% 152
\BOOKMARK [3][]{subsubsection.4.5.2}{IV.5.2\040Dataset\040Dokumen\040Historis\040Nyata\040\(ANRI\)}{subsection.4.5}% 153
\BOOKMARK [2][]{subsection.4.6}{IV.6\040Implementasi\040Pipeline\040Data\040dan\040Training\040Framework}{paragraph.3.2.7.3}% 154
\BOOKMARK [3][]{subsubsection.4.6.1}{IV.6.1\040Pipeline\040Pemrosesan\040Data}{subsection.4.6}% 155
\BOOKMARK [2][]{subsection.4.7}{IV.7\040Strategi\040dan\040Protokol\040Training}{paragraph.3.2.7.3}% 156
\BOOKMARK [3][]{subsubsection.4.7.1}{IV.7.1\040Curriculum\040Learning\040dan\040Protokol\040Optimisasi}{subsection.4.7}% 157
\BOOKMARK [4][]{paragraph.4.7.1.1}{1\040Prosedur\040Pelatihan\040Adversarial\040Bergantian}{subsubsection.4.7.1}% 158
\BOOKMARK [4][]{paragraph.4.7.1.2}{2\040Konfigurasi\040Pelatihan}{subsubsection.4.7.1}% 159
\BOOKMARK [3][]{subsubsection.4.7.2}{IV.7.2\040Analisis\040Stabilitas\040dan\040Regularisasi}{subsection.4.7}% 160
\BOOKMARK [4][]{paragraph.4.7.2.1}{1\040Implementasi\040dan\040Validasi\040Mode\040Diskriminator}{subsubsection.4.7.2}% 161
\BOOKMARK [4][]{paragraph.4.7.2.2}{2\040Kebijakan\040Presisi\040Numerik}{subsubsection.4.7.2}% 162
\BOOKMARK [2][]{subsection.4.8}{IV.8\040Metode\040Baseline\040dan\040Strategi\040Evaluasi}{paragraph.3.2.7.3}% 163
\BOOKMARK [3][]{subsubsection.4.8.1}{IV.8.1\040Metode\040Klasik\040untuk\040Perbandingan\040Kuantitatif}{subsection.4.8}% 164
\BOOKMARK [4][]{paragraph.4.8.1.1}{1\040Justifikasi\040Pemilihan\040Baseline\040Klasik}{subsubsection.4.8.1}% 165
\BOOKMARK [3][]{subsubsection.4.8.2}{IV.8.2\040Metode\040Deep\040Learning\040Terkini\040\(Konteks\040Penelitian\)}{subsection.4.8}% 166
\BOOKMARK [3][]{subsubsection.4.8.3}{IV.8.3\040Studi\040Ablasi\040sebagai\040Validasi\040Komponen}{subsection.4.8}% 167
\BOOKMARK [2][]{subsection.4.9}{IV.9\040Konfigurasi\040Metrik\040Evaluasi\040dan\040Protokol\040Eksperimen}{paragraph.3.2.7.3}% 168
\BOOKMARK [3][]{subsubsection.4.9.1}{IV.9.1\040Metrik\040Kualitas\040Visual}{subsection.4.9}% 169
\BOOKMARK [3][]{subsubsection.4.9.2}{IV.9.2\040Metrik\040Keterbacaan\040Teks}{subsection.4.9}% 170
\BOOKMARK [3][]{subsubsection.4.9.3}{IV.9.3\040Klarifikasi\040Baseline\040CER\040Recognizer}{subsection.4.9}% 171
\BOOKMARK [3][]{subsubsection.4.9.4}{IV.9.4\040Protokol\040Pelaporan\040Statistik\040dan\040Evaluasi}{subsection.4.9}% 172
\BOOKMARK [3][]{subsubsection.4.9.5}{IV.9.5\040Metrik\040Diagnostik\040\(Training\040Monitoring\)}{subsection.4.9}% 173
\BOOKMARK [3][]{subsubsection.4.9.6}{IV.9.6\040Spesifikasi\040Eksperimen\040Ablasi}{subsection.4.9}% 174
\BOOKMARK [1][]{table.caption.34}{BAB\040V\040HASIL\040DAN\040PEMBAHASAN}{}% 175
\BOOKMARK [2][]{subsection.5.1}{V.1\040Pendahuluan}{table.caption.34}% 176
\BOOKMARK [2][]{subsection.5.2}{V.2\040Hasil\040Kuantitatif\040pada\040Set\040Uji\040Semi-Sintetis\040Realistis}{table.caption.34}% 177
\BOOKMARK [3][]{subsubsection.5.2.1}{V.2.1\040Performa\040Model\040pada\040Set\040Uji}{subsection.5.2}% 178
\BOOKMARK [3][]{subsubsection.5.2.2}{V.2.2\040Trajektori\040Pelatihan\040dan\040Konvergensi}{subsection.5.2}% 179
\BOOKMARK [2][]{subsection.5.3}{V.3\040Posisi\040Penelitian\040terhadap\040Pustaka\040Terkini}{table.caption.34}% 180
\BOOKMARK [3][]{subsubsection.5.3.1}{V.3.1\040Lanskap\040Metrik\040Penelitian\040Terdahulu}{subsection.5.3}% 181
\BOOKMARK [2][]{subsection.5.4}{V.4\040Studi\040Ablasi}{table.caption.34}% 182
\BOOKMARK [3][]{subsubsection.5.4.1}{V.4.1\040Desain\040Eksperimen\040Eliminasi}{subsection.5.4}% 183
\BOOKMARK [3][]{subsubsection.5.4.2}{V.4.2\040Hasil\040Ablasi\040Komponen\040Loss\040Function}{subsection.5.4}% 184
\BOOKMARK [3][]{subsubsection.5.4.3}{V.4.3\040Kontribusi\040Frozen\040Recognizer\040dengan\040Integrasi\040CTC\040Loss}{subsection.5.4}% 185
\BOOKMARK [3][]{subsubsection.5.4.4}{V.4.4\040Ringkasan\040Eksperimen:\040Frozen\040vs\040Joint\040Training}{subsection.5.4}% 186
\BOOKMARK [3][]{subsubsection.5.4.5}{V.4.5\040Kontribusi\040Diskriminator\040Dual-Modal}{subsection.5.4}% 187
\BOOKMARK [3][]{subsubsection.5.4.6}{V.4.6\040Kontribusi\040Curriculum\040Learning}{subsection.5.4}% 188
\BOOKMARK [4][]{paragraph.5.4.6.1}{1\040Temuan\040Kuantitatif}{subsubsection.5.4.6}% 189
\BOOKMARK [4][]{paragraph.5.4.6.2}{2\040Analisis\040Komponen\040Loss}{subsubsection.5.4.6}% 190
\BOOKMARK [4][]{paragraph.5.4.6.3}{3\040Validasi\040Statistik}{subsubsection.5.4.6}% 191
\BOOKMARK [4][]{paragraph.5.4.6.4}{4\040Analisis\040Fase\040Curriculum}{subsubsection.5.4.6}% 192
\BOOKMARK [4][]{paragraph.5.4.6.5}{5\040Rekomendasi\040Implementasi\040dan\040Klarifikasi\040Protokol}{subsubsection.5.4.6}% 193
\BOOKMARK [3][]{subsubsection.5.4.7}{V.4.7\040Konfigurasi\040Loss\040Weights\040dan\040Metode\040Penentuan}{subsection.5.4}% 194
\BOOKMARK [3][]{subsubsection.5.4.8}{V.4.8\040Analisis\040Pengaruh\040Komponen\040Loss}{subsection.5.4}% 195
\BOOKMARK [3][]{subsubsection.5.4.9}{V.4.9\040Analisis\040Sensitivitas\040Per\040Komponen}{subsection.5.4}% 196
\BOOKMARK [4][]{paragraph.5.4.9.1}{1\040Pixel\040Loss\040Weight\040-\040Dampak\040Signifikan\040Terhadap\040PSNR}{subsubsection.5.4.9}% 197
\BOOKMARK [4][]{paragraph.5.4.9.2}{2\040CTC\040Loss\040Weight\040-\040Menjawab\040Pertanyaan\040Penelitian\040Kritis}{subsubsection.5.4.9}% 198
\BOOKMARK [4][]{paragraph.5.4.9.3}{3\040Recognition\040Feature\040Loss\040-\040Investigasi\040Efektivitas}{subsubsection.5.4.9}% 199
\BOOKMARK [2][]{subsection.5.5}{V.5\040Evaluasi\040Kualitatif\040pada\040Dokumen\040Historis\040Nyata}{table.caption.34}% 200
\BOOKMARK [3][]{subsubsection.5.5.1}{V.5.1\040Dataset\040dan\040Metodologi\040Evaluasi}{subsection.5.5}% 201
\BOOKMARK [3][]{subsubsection.5.5.2}{V.5.2\040Hasil\040Kualitatif\040dan\040Observasi}{subsection.5.5}% 202
\BOOKMARK [3][]{subsubsection.5.5.3}{V.5.3\040Evaluasi\040Awal\040oleh\040Ahli\040Paleografi}{subsection.5.5}% 203
\BOOKMARK [4][]{paragraph.5.5.3.1}{1\040Metodologi\040Validasi}{subsubsection.5.5.3}% 204
\BOOKMARK [4][]{paragraph.5.5.3.2}{2\040Hasil\040Validasi\040Kuantitatif}{subsubsection.5.5.3}% 205
\BOOKMARK [4][]{paragraph.5.5.3.3}{3\040Analisis\040Distribusi\040Skor}{subsubsection.5.5.3}% 206
\BOOKMARK [4][]{paragraph.5.5.3.4}{4\040Umpan\040Balik\040Kualitatif\040Ahli}{subsubsection.5.5.3}% 207
\BOOKMARK [4][]{paragraph.5.5.3.5}{5\040Kesimpulan\040Evaluasi\040Awal}{subsubsection.5.5.3}% 208
\BOOKMARK [3][]{subsubsection.5.5.4}{V.5.4\040Analisis\040Korelasi\040Tingkat\040Degradasi}{subsection.5.5}% 209
\BOOKMARK [4][]{paragraph.5.5.4.1}{1\040SNR\040terhadap\040Peningkatan\040CER\040\(Panel\040a\)}{subsubsection.5.5.4}% 210
\BOOKMARK [4][]{paragraph.5.5.4.2}{2\040PSNR\040terhadap\040CER\040Terestorasi\040\(Panel\040b\)}{subsubsection.5.5.4}% 211
\BOOKMARK [4][]{paragraph.5.5.4.3}{3\040SSIM\040terhadap\040CER\040\(Panel\040c\)}{subsubsection.5.5.4}% 212
\BOOKMARK [4][]{paragraph.5.5.4.4}{4\040CER\040Sebelum\040vs\040Sesudah\040\(Panel\040d\)}{subsubsection.5.5.4}% 213
\BOOKMARK [3][]{subsubsection.5.5.5}{V.5.5\040Analisis\040Domain\040Shift:\040Semi-Sintetis\040terhadap\040Nyata}{subsection.5.5}% 214
\BOOKMARK [3][]{subsubsection.5.5.6}{V.5.6\040Keterbatasan\040dan\040Pekerjaan\040Mendatang}{subsection.5.5}% 215
\BOOKMARK [2][]{subsection.5.6}{V.6\040Pengujian\040Hipotesis\040Penelitian}{table.caption.34}% 216
\BOOKMARK [3][]{subsubsection.5.6.1}{V.6.1\040Perumusan\040Ulang\040Hipotesis}{subsection.5.6}% 217
\BOOKMARK [3][]{subsubsection.5.6.2}{V.6.2\040Evaluasi\040Empiris\040Terhadap\040Komponen\040Hipotesis}{subsection.5.6}% 218
\BOOKMARK [4][]{paragraph.5.6.2.1}{1\040Komponen\0401:\040Kontribusi\040Diskriminator\040Dual-Modal}{subsubsection.5.6.2}% 219
\BOOKMARK [4][]{paragraph.5.6.2.2}{2\040Komponen\0402:\040Efektivitas\040Strategi\040Frozen\040Recognizer}{subsubsection.5.6.2}% 220
\BOOKMARK [4][]{paragraph.5.6.2.3}{3\040Komponen\0403:\040Kontribusi\040Curriculum\040Learning\040dan\040Optimasi\040Multi-Objektif}{subsubsection.5.6.2}% 221
\BOOKMARK [4][]{paragraph.5.6.2.4}{4\040Komponen\0404:\040Peningkatan\040Signifikan\040Keterbacaan\040sambil\040Mempertahankan\040Kualitas\040Visual}{subsubsection.5.6.2}% 222
\BOOKMARK [3][]{subsubsection.5.6.3}{V.6.3\040Uji\040Statistik\040untuk\040Validasi\040Hipotesis}{subsection.5.6}% 223
\BOOKMARK [3][]{subsubsection.5.6.4}{V.6.4\040Kesimpulan\040Pengujian\040Hipotesis}{subsection.5.6}% 224
\BOOKMARK [4][]{paragraph.5.6.4.1}{1\040Interpretasi\040Keseluruhan}{subsubsection.5.6.4}% 225
\BOOKMARK [4][]{paragraph.5.6.4.2}{2\040Batasan\040Interpretasi}{subsubsection.5.6.4}% 226
\BOOKMARK [4][]{paragraph.5.6.4.3}{3\040Implikasi\040untuk\040Pertanyaan\040Penelitian}{subsubsection.5.6.4}% 227
\BOOKMARK [2][]{subsection.5.7}{V.7\040Pembahasan\040Mendalam}{table.caption.34}% 228
\BOOKMARK [3][]{subsubsection.5.7.1}{V.7.1\040Interpretasi\040Temuan\040Utama}{subsection.5.7}% 229
\BOOKMARK [4][]{paragraph.5.7.1.1}{1\040Sintesis\040Temuan\040Utama}{subsubsection.5.7.1}% 230
\BOOKMARK [4][]{paragraph.5.7.1.2}{2\040Mekanisme\040Frozen\040Recognizer\040dalam\040Mengatasi\040Kesenjangan\040Visual-HTR}{subsubsection.5.7.1}% 231
\BOOKMARK [4][]{paragraph.5.7.1.3}{3\040Temuan\040Diskriminator\040Dual-Modal:\040Keterbatasan\040Implementasi\040vs\040Konseptual}{subsubsection.5.7.1}% 232
\BOOKMARK [4][]{paragraph.5.7.1.4}{4\040Kesesuaian\040dengan\040Teori\040dan\040Literatur}{subsubsection.5.7.1}% 233
\BOOKMARK [4][]{paragraph.5.7.1.5}{5\040Implikasi\040Teoretis:\040Multi-Objective\040GAN\040Optimization}{subsubsection.5.7.1}% 234
\BOOKMARK [3][]{subsubsection.5.7.2}{V.7.2\040Analisis\040Kegagalan\040dan\040Keterbatasan}{subsection.5.7}% 235
\BOOKMARK [4][]{paragraph.5.7.2.1}{1\040Distribusi\040Kuantitatif\040Pola\040Kegagalan}{subsubsection.5.7.2}% 236
\BOOKMARK [4][]{paragraph.5.7.2.2}{2\040Analisis\040Kategori\040Kegagalan\040Dominan:\040Ligatur\040Paleografi}{subsubsection.5.7.2}% 237
\BOOKMARK [4][]{paragraph.5.7.2.3}{3\040Kegagalan\040Ekstrem:\040Kasus\040Jarang\040dengan\040CER\040\040100\045}{subsubsection.5.7.2}% 238
\BOOKMARK [4][]{paragraph.5.7.2.4}{4\040Korelasi\040dengan\040Baseline\040Citra\040Bersih}{subsubsection.5.7.2}% 239
\BOOKMARK [4][]{paragraph.5.7.2.5}{5\040Implikasi\040terhadap\040Keterbatasan\040Metodologi}{subsubsection.5.7.2}% 240
\BOOKMARK [4][]{paragraph.5.7.2.6}{6\040Kesimpulan\040Analisis\040Kegagalan}{subsubsection.5.7.2}% 241
\BOOKMARK [4][]{paragraph.5.7.2.7}{7\040Implikasi\040untuk\040Preservasi\040Digital\040Arsip}{subsubsection.5.7.2}% 242
\BOOKMARK [3][]{subsubsection.5.7.3}{V.7.3\040Kontribusi\040Teoritis\040yang\040Tervalidasi}{subsection.5.7}% 243
\BOOKMARK [4][]{paragraph.5.7.3.1}{1\040Validasi\040Kontribusi\040Diskriminator\040Dual-Modal}{subsubsection.5.7.3}% 244
\BOOKMARK [4][]{paragraph.5.7.3.2}{2\040Validasi\040Strategi\040Frozen\040Recognizer}{subsubsection.5.7.3}% 245
\BOOKMARK [4][]{paragraph.5.7.3.3}{3\040Validasi\040Efektivitas\040Curriculum\040Learning}{subsubsection.5.7.3}% 246
\BOOKMARK [3][]{subsubsection.5.7.4}{V.7.4\040Kontribusi\040Praktis}{subsection.5.7}% 247
\BOOKMARK [4][]{paragraph.5.7.4.1}{1\040Deliverables\040Tervalidasi}{subsubsection.5.7.4}% 248
\BOOKMARK [4][]{paragraph.5.7.4.2}{2\040Positioning\040Relatif\040terhadap\040State-of-the-Art}{subsubsection.5.7.4}% 249
\BOOKMARK [2][]{subsection.5.8}{V.8\040Ringkasan\040Temuan}{table.caption.34}% 250
\BOOKMARK [3][]{paragraph.5.8.0.1}{1\040Performa\040Sistem}{subsection.5.8}% 251
\BOOKMARK [4][]{paragraph.5.8.0.2}{2\040Validasi\040Komponen\040Arsitektur}{paragraph.5.8.0.1}% 252
\BOOKMARK [4][]{paragraph.5.8.0.3}{3\040Implikasi\040dan\040Keterbatasan}{paragraph.5.8.0.1}% 253
\BOOKMARK [1][]{paragraph.5.8.0.3}{BAB\040VI\040KESIMPULAN\040DAN\040SARAN}{}% 254
\BOOKMARK [2][]{subsection.6.1}{VI.1\040Kesimpulan}{paragraph.5.8.0.3}% 255
\BOOKMARK [2][]{subsection.6.2}{VI.2\040Keterbatasan}{paragraph.5.8.0.3}% 256
\BOOKMARK [2][]{subsection.6.3}{VI.3\040Saran}{paragraph.5.8.0.3}% 257
\BOOKMARK [3][]{subsubsection.6.3.1}{VI.3.1\040Saran\040untuk\040Penelitian\040Lanjutan}{subsection.6.3}% 258
\BOOKMARK [3][]{subsubsection.6.3.2}{VI.3.2\040Saran\040untuk\040Implementasi\040Praktis}{subsection.6.3}% 259
\BOOKMARK [2][]{subsection.6.4}{VI.4\040Penutup}{paragraph.5.8.0.3}% 260
\BOOKMARK [1][]{subsection.6.4}{DAFTAR\040PUSTAKA}{}% 261
