\BOOKMARK [1][]{Doc-Start}{ABSTRAK}{}% 1
\BOOKMARK [1][]{Doc-Start}{ABSTRACT}{}% 2
\BOOKMARK [1][]{Doc-Start}{LEMBAR\040PENGESAHAN}{}% 3
\BOOKMARK [1][]{Doc-Start}{HALAMAN\040PERUNTUKAN}{}% 4
\BOOKMARK [1][]{Doc-Start}{KATA\040PENGANTAR}{}% 5
\BOOKMARK [1][]{Item.6}{DAFTAR\040LAMPIRAN}{}% 6
\BOOKMARK [1][]{Item.6}{DAFTAR\040GAMBAR\040DAN\040ILUSTRASI}{}% 7
\BOOKMARK [1][]{Item.6}{DAFTAR\040TABEL}{}% 8
\BOOKMARK [1][]{Item.6}{DAFTAR\040LAMBANG\040DAN\040SINGKATAN}{}% 9
\BOOKMARK [1][]{table.0.2}{Bab\040I\040Pendahuluan}{}% 10
\BOOKMARK [2][]{subsection.1.1}{I.1\040Latar\040Belakang}{table.0.2}% 11
\BOOKMARK [2][]{subsection.1.2}{I.2\040Rumusan\040Masalah}{table.0.2}% 12
\BOOKMARK [2][]{subsection.1.3}{I.3\040Pertanyaan\040Penelitian}{table.0.2}% 13
\BOOKMARK [2][]{subsection.1.4}{I.4\040Tujuan\040Penelitian}{table.0.2}% 14
\BOOKMARK [2][]{subsection.1.5}{I.5\040Ruang\040Lingkup}{table.0.2}% 15
\BOOKMARK [2][]{subsection.1.6}{I.6\040Hipotesis\040Penelitian}{table.0.2}% 16
\BOOKMARK [2][]{subsection.1.7}{I.7\040Kebaruan\040Penelitian}{table.0.2}% 17
\BOOKMARK [2][]{subsection.1.8}{I.8\040Sistematika\040Penulisan}{table.0.2}% 18
\BOOKMARK [1][]{subsection.1.8}{Bab\040II\040Tinjauan\040Pustaka}{}% 19
\BOOKMARK [2][]{subsection.2.1}{II.1\040Degradasi\040Dokumen\040Historis:\040Karakteristik\040dan\040Tantangan}{subsection.1.8}% 20
\BOOKMARK [3][]{subsubsection.2.1.1}{II.1.1\040Taksonomi\040Degradasi\040Dokumen}{subsection.2.1}% 21
\BOOKMARK [2][]{subsection.2.2}{II.2\040Evolusi\040Metode\040Restorasi\040Dokumen:\040Dari\040Tradisional\040hingga\040Pembelajaran\040Mendalam}{subsection.1.8}% 22
\BOOKMARK [3][]{subsubsection.2.2.1}{II.2.1\040Pendekatan\040Tradisional:\040Evaluasi\040Komprehensif\040Keterbatasan}{subsection.2.2}% 23
\BOOKMARK [3][]{subsubsection.2.2.2}{II.2.2\040Transisi\040ke\040Pembelajaran\040Mendalam:\040Autoencoder\040dan\040U-Net}{subsection.2.2}% 24
\BOOKMARK [2][]{subsection.2.3}{II.3\040Generative\040Adversarial\040Networks:\040Teori\040dan\040Aplikasi\040untuk\040Restorasi\040Dokumen}{subsection.1.8}% 25
\BOOKMARK [3][]{subsubsection.2.3.1}{II.3.1\040Arsitektur\040dan\040Mekanisme\040GAN}{subsection.2.3}% 26
\BOOKMARK [3][]{subsubsection.2.3.2}{II.3.2\040Pix2Pix\040dan\040Evolusi\040untuk\040Keluaran\040Terstruktur}{subsection.2.3}% 27
\BOOKMARK [2][]{subsection.2.4}{II.4\040Kajian\040Terkini\040dalam\040Restorasi\040Dokumen}{subsection.1.8}% 28
\BOOKMARK [3][]{subsubsection.2.4.1}{II.4.1\040ERB-MultiTask:\040Integrasi\040Pionir\040GAN\040dan\040Pengenal\040HTR}{subsection.2.4}% 29
\BOOKMARK [3][]{subsubsection.2.4.2}{II.4.2\040DE-GAN:\040Peningkatan\040Dokumen\040dengan\040Pendekatan\040Adversarial}{subsection.2.4}% 30
\BOOKMARK [3][]{subsubsection.2.4.3}{II.4.3\040Analisis\040Komparatif:\040ERB-MultiTask\040vs\040DE-GAN}{subsection.2.4}% 31
\BOOKMARK [3][]{subsubsection.2.4.4}{II.4.4\040Text-DIAE:\040Autoenkoder\040Invarian\040Degradasi\040Mandiri}{subsection.2.4}% 32
\BOOKMARK [3][]{subsubsection.2.4.5}{II.4.5\040DocEnTr:\040Pendekatan\040Berbasis\040Transformer\040Murni\040untuk\040Peningkatan\040Dokumen}{subsection.2.4}% 33
\BOOKMARK [3][]{subsubsection.2.4.6}{II.4.6\040Debat\040Metodologis:\040Pendekatan\040Berbasis\040Transformer\040Murni\040vs\040Berbasis\040GAN}{subsection.2.4}% 34
\BOOKMARK [3][]{subsubsection.2.4.7}{II.4.7\040CycleGAN\040dan\040Pembelajaran\040Tak\040Berpasangan\040untuk\040Peningkatan\040Dokumen}{subsection.2.4}% 35
\BOOKMARK [3][]{subsubsection.2.4.8}{II.4.8\040Refleksi\040Komprehensif\040terhadap\040Bias\040Metodologis\040dalam\040Literatur}{subsection.2.4}% 36
\BOOKMARK [2][]{subsection.2.5}{II.5\040Pengenalan\040Teks\040Tulisan\040Tangan:\040Arsitektur\040dan\040Tantangan}{subsection.1.8}% 37
\BOOKMARK [3][]{subsubsection.2.5.1}{II.5.1\040Evolusi\040Arsitektur\040HTR}{subsection.2.5}% 38
\BOOKMARK [3][]{subsubsection.2.5.2}{II.5.2\040Loss\040CTC:\040Mekanisme\040dan\040Implikasi\040untuk\040Restorasi}{subsection.2.5}% 39
\BOOKMARK [3][]{subsubsection.2.5.3}{II.5.3\040HTR\040Berbasis\040Transformer\040dan\040Pembelajaran\040Mandiri:\040Perkembangan\040Terkini}{subsection.2.5}% 40
\BOOKMARK [3][]{subsubsection.2.5.4}{II.5.4\040Transformer\040dalam\040Peningkatan\040Dokumen}{subsection.2.5}% 41
\BOOKMARK [3][]{subsubsection.2.5.5}{II.5.5\040Pembelajaran\040Mandiri:\040Revolusi\040dalam\040Pemrosesan\040Dokumen}{subsection.2.5}% 42
\BOOKMARK [3][]{subsubsection.2.5.6}{II.5.6\040Kompromi\040antara\040Pembelajaran\040Terawasi\040dan\040Mandiri}{subsection.2.5}% 43
\BOOKMARK [3][]{subsubsection.2.5.7}{II.5.7\040Arsitektur\040CNN+Transformer\040dan\040Justifikasi\040untuk\040Kasus\040Paleografi}{subsection.2.5}% 44
\BOOKMARK [3][]{subsubsection.2.5.8}{II.5.8\040Analisis\040Komparatif:\040CNN+Transformer\040vs\040HTR\040Konvensional}{subsection.2.5}% 45
\BOOKMARK [2][]{subsection.2.6}{II.6\040Pembelajaran\040Multimodal\040dan\040Diskriminator\040Dual\040Modal}{subsection.1.8}% 46
\BOOKMARK [3][]{subsubsection.2.6.1}{II.6.1\040Landasan\040Teoretis\040dan\040Kemajuan\040Arsitektur\040Multimodal}{subsection.2.6}% 47
\BOOKMARK [3][]{subsubsection.2.6.2}{II.6.2\040Aplikasi\040Multimodal\040untuk\040Restorasi\040Dokumen}{subsection.2.6}% 48
\BOOKMARK [3][]{subsubsection.2.6.3}{II.6.3\040Konsep\040Diskriminator\040Multimodal}{subsection.2.6}% 49
\BOOKMARK [2][]{subsection.2.7}{II.7\040Sintesis\040Fungsi\040Loss\040dan\040Optimasi\040Multiobjektif}{subsection.1.8}% 50
\BOOKMARK [3][]{subsubsection.2.7.1}{II.7.1\040Keterbatasan\040Pelatihan\040Loss\040Tunggal}{subsection.2.7}% 51
\BOOKMARK [3][]{subsubsection.2.7.2}{II.7.2\040Kerangka\040Konseptual\040Fungsi\040Loss\040Multikomponen}{subsection.2.7}% 52
\BOOKMARK [3][]{subsubsection.2.7.3}{II.7.3\040Tantangan\040Penyeimbangan\040Multiobjektif}{subsection.2.7}% 53
\BOOKMARK [2][]{subsection.2.8}{II.8\040Kesenjangan\040Penelitian\040dan\040Positioning}{subsection.1.8}% 54
\BOOKMARK [3][]{subsubsection.2.8.1}{II.8.1\040Sintesis\040Keterbatasan\040Metode\040yang\040Ada}{subsection.2.8}% 55
\BOOKMARK [3][]{subsubsection.2.8.2}{II.8.2\040Posisi\040dan\040Kontribusi\040Penelitian\040Ini}{subsection.2.8}% 56
\BOOKMARK [2][]{subsection.2.9}{II.9\040Ringkasan\040dan\040Transisi\040ke\040Metodologi}{subsection.1.8}% 57
\BOOKMARK [1][]{paragraph.2.9.0.2}{Bab\040III\040Metodologi\040Penelitian}{}% 58
\BOOKMARK [2][]{subsection.3.1}{III.1\040Kerangka\040Teori\040Metodologi\040Penelitian}{paragraph.2.9.0.2}% 59
\BOOKMARK [3][]{subsubsection.3.1.1}{III.1.1\040Design\040Science\040Research\040Methodology\040\(DSRM\)}{subsection.3.1}% 60
\BOOKMARK [3][]{subsubsection.3.1.2}{III.1.2\040Siklus\040Iteratif\040Berbasis\040Bukti\040Empiris}{subsection.3.1}% 61
\BOOKMARK [2][]{subsection.3.2}{III.2\040Tahapan\040Penelitian}{paragraph.2.9.0.2}% 62
\BOOKMARK [3][]{subsubsection.3.2.1}{III.2.1\040Identifikasi\040Masalah\040dan\040Motivasi\040\(Tahap\0401\)}{subsection.3.2}% 63
\BOOKMARK [3][]{subsubsection.3.2.2}{III.2.2\040Definisi\040Tujuan\040Solusi\040\(Tahap\0402\)}{subsection.3.2}% 64
\BOOKMARK [3][]{subsubsection.3.2.3}{III.2.3\040Spesifikasi\040Kebutuhan\040Sistem}{subsection.3.2}% 65
\BOOKMARK [3][]{subsubsection.3.2.4}{III.2.4\040Lingkungan\040Eksperimen\040dan\040Spesifikasi\040Komputasi}{subsection.3.2}% 66
\BOOKMARK [3][]{subsubsection.3.2.5}{III.2.5\040Desain\040dan\040Pengembangan\040Artefak\040\(Tahap\0403\)}{subsection.3.2}% 67
\BOOKMARK [3][]{subsubsection.3.2.6}{III.2.6\040Demonstrasi\040\(Tahap\0404\)}{subsection.3.2}% 68
\BOOKMARK [3][]{subsubsection.3.2.7}{III.2.7\040Evaluasi\040\(Tahap\0405\)}{subsection.3.2}% 69
\BOOKMARK [3][]{subsubsection.3.2.8}{III.2.8\040Komunikasi\040\(Tahap\0406\)}{subsection.3.2}% 70
\BOOKMARK [1][]{Item.228}{Bab\040IV\040Perancangan\040Sistem}{}% 71
\BOOKMARK [2][]{subsection.4.1}{IV.1\040Arsitektur\040dan\040Komponen\040Utama}{Item.228}% 72
\BOOKMARK [3][]{subsubsection.4.1.1}{IV.1.1\040Arsitektur\040Generator}{subsection.4.1}% 73
\BOOKMARK [3][]{subsubsection.4.1.2}{IV.1.2\040Arsitektur\040Diskriminator}{subsection.4.1}% 74
\BOOKMARK [3][]{subsubsection.4.1.3}{IV.1.3\040Arsitektur\040HTR}{subsection.4.1}% 75
\BOOKMARK [3][]{subsubsection.4.1.4}{IV.1.4\040Fungsi\040Loss\040Multikomponen}{subsection.4.1}% 76
\BOOKMARK [2][]{subsection.4.2}{IV.2\040Pengembangan\040Dataset}{Item.228}% 77
\BOOKMARK [3][]{subsubsection.4.2.1}{IV.2.1\040Pembuatan\040Ground\040Truth\040untuk\040GAN}{subsection.4.2}% 78
\BOOKMARK [3][]{subsubsection.4.2.2}{IV.2.2\040Pembuatan\040Ground\040Truth\040untuk\040Recognizer}{subsection.4.2}% 79
\BOOKMARK [3][]{subsubsection.4.2.3}{IV.2.3\040Dataset\040Evaluasi\040Kuantitatif}{subsection.4.2}% 80
\BOOKMARK [3][]{subsubsection.4.2.4}{IV.2.4\040Dataset\040Evaluasi\040Kualitatif}{subsection.4.2}% 81
\BOOKMARK [2][]{subsection.4.3}{IV.3\040Strategi\040dan\040Protokol\040Pelatihan}{Item.228}% 82
\BOOKMARK [3][]{subsubsection.4.3.1}{IV.3.1\040Curriculum\040Learning\040dan\040Protokol\040Optimisasi}{subsection.4.3}% 83
\BOOKMARK [3][]{subsubsection.4.3.2}{IV.3.2\040Mekanisme\040Regularisasi\040dan\040Konfigurasi\040Teknis}{subsection.4.3}% 84
\BOOKMARK [2][]{subsection.4.4}{IV.4\040Konfigurasi\040Evaluasi}{Item.228}% 85
\BOOKMARK [3][]{subsubsection.4.4.1}{IV.4.1\040Metode\040Klasik\040untuk\040Perbandingan\040Kuantitatif}{subsection.4.4}% 86
\BOOKMARK [3][]{subsubsection.4.4.2}{IV.4.2\040Studi\040Ablasi\040sebagai\040Validasi\040Komponen}{subsection.4.4}% 87
\BOOKMARK [3][]{subsubsection.4.4.3}{IV.4.3\040Metrik\040Evaluasi}{subsection.4.4}% 88
\BOOKMARK [3][]{subsubsection.4.4.4}{IV.4.4\040Formula\040Matematika}{subsection.4.4}% 89
\BOOKMARK [3][]{subsubsection.4.4.5}{IV.4.5\040Metrik\040Peningkatan\040Relatif}{subsection.4.4}% 90
\BOOKMARK [1][]{equation.4.27}{Bab\040V\040Hasil\040dan\040Pembahasan}{}% 91
\BOOKMARK [2][]{subsection.5.1}{V.1\040Pendahuluan}{equation.4.27}% 92
\BOOKMARK [2][]{subsection.5.2}{V.2\040Hasil\040Kuantitatif\040pada\040Set\040Uji\040Semi-Sintetis\040Realistis}{equation.4.27}% 93
\BOOKMARK [3][]{subsubsection.5.2.1}{V.2.1\040Performa\040Model\040pada\040Set\040Uji}{subsection.5.2}% 94
\BOOKMARK [3][]{subsubsection.5.2.2}{V.2.2\040Trajektori\040Pelatihan\040dan\040Konvergensi}{subsection.5.2}% 95
\BOOKMARK [2][]{subsection.5.3}{V.3\040Posisi\040Penelitian\040terhadap\040Pustaka\040Terkini}{equation.4.27}% 96
\BOOKMARK [3][]{subsubsection.5.3.1}{V.3.1\040Lanskap\040Metrik\040Penelitian\040Terdahulu}{subsection.5.3}% 97
\BOOKMARK [2][]{subsection.5.4}{V.4\040Studi\040Ablasi}{equation.4.27}% 98
\BOOKMARK [3][]{subsubsection.5.4.1}{V.4.1\040Desain\040Eksperimen\040Eliminasi}{subsection.5.4}% 99
\BOOKMARK [3][]{subsubsection.5.4.2}{V.4.2\040Hasil\040Ablasi\040Komponen\040Loss\040Function}{subsection.5.4}% 100
\BOOKMARK [3][]{subsubsection.5.4.3}{V.4.3\040Kontribusi\040Frozen\040Recognizer\040dengan\040Integrasi\040CTC\040Loss}{subsection.5.4}% 101
\BOOKMARK [3][]{subsubsection.5.4.4}{V.4.4\040Ringkasan\040Eksperimen:\040Frozen\040vs\040Joint\040Training}{subsection.5.4}% 102
\BOOKMARK [3][]{subsubsection.5.4.5}{V.4.5\040Kontribusi\040Diskriminator\040Dual-Modal}{subsection.5.4}% 103
\BOOKMARK [3][]{subsubsection.5.4.6}{V.4.6\040Kontribusi\040Curriculum\040Learning}{subsection.5.4}% 104
\BOOKMARK [3][]{subsubsection.5.4.7}{V.4.7\040Konfigurasi\040Loss\040Weights\040dan\040Metode\040Penentuan}{subsection.5.4}% 105
\BOOKMARK [3][]{subsubsection.5.4.8}{V.4.8\040Analisis\040Pengaruh\040Komponen\040Loss}{subsection.5.4}% 106
\BOOKMARK [3][]{subsubsection.5.4.9}{V.4.9\040Analisis\040Sensitivitas\040Per\040Komponen}{subsection.5.4}% 107
\BOOKMARK [3][]{subsubsection.5.4.10}{V.4.10\040Validasi\040Statistik\040Formal\040Hipotesis\040Penelitian}{subsection.5.4}% 108
\BOOKMARK [2][]{subsection.5.5}{V.5\040Evaluasi\040Kualitatif\040pada\040Dokumen\040Historis\040Nyata}{equation.4.27}% 109
\BOOKMARK [3][]{subsubsection.5.5.1}{V.5.1\040Dataset\040dan\040Metodologi\040Evaluasi}{subsection.5.5}% 110
\BOOKMARK [3][]{subsubsection.5.5.2}{V.5.2\040Hasil\040Kualitatif\040dan\040Observasi}{subsection.5.5}% 111
\BOOKMARK [3][]{subsubsection.5.5.3}{V.5.3\040Evaluasi\040Awal\040oleh\040Ahli\040Paleografi}{subsection.5.5}% 112
\BOOKMARK [3][]{subsubsection.5.5.4}{V.5.4\040Analisis\040Korelasi\040Tingkat\040Degradasi}{subsection.5.5}% 113
\BOOKMARK [3][]{subsubsection.5.5.5}{V.5.5\040Analisis\040Domain\040Shift:\040Semi-Sintetis\040terhadap\040Nyata}{subsection.5.5}% 114
\BOOKMARK [3][]{subsubsection.5.5.6}{V.5.6\040Keterbatasan\040dan\040Pekerjaan\040Mendatang}{subsection.5.5}% 115
\BOOKMARK [2][]{subsection.5.6}{V.6\040Pengujian\040Hipotesis\040Penelitian}{equation.4.27}% 116
\BOOKMARK [3][]{subsubsection.5.6.1}{V.6.1\040Perumusan\040Ulang\040Hipotesis}{subsection.5.6}% 117
\BOOKMARK [3][]{subsubsection.5.6.2}{V.6.2\040Evaluasi\040Empiris\040Terhadap\040Komponen\040Hipotesis}{subsection.5.6}% 118
\BOOKMARK [3][]{subsubsection.5.6.3}{V.6.3\040Uji\040Statistik\040untuk\040Validasi\040Hipotesis}{subsection.5.6}% 119
\BOOKMARK [3][]{subsubsection.5.6.4}{V.6.4\040Kesimpulan\040Pengujian\040Hipotesis}{subsection.5.6}% 120
\BOOKMARK [2][]{subsection.5.7}{V.7\040Pembahasan}{equation.4.27}% 121
\BOOKMARK [3][]{subsubsection.5.7.1}{V.7.1\040Interpretasi\040Temuan\040Utama}{subsection.5.7}% 122
\BOOKMARK [3][]{subsubsection.5.7.2}{V.7.2\040Analisis\040Kegagalan\040dan\040Keterbatasan}{subsection.5.7}% 123
\BOOKMARK [3][]{subsubsection.5.7.3}{V.7.3\040Kontribusi\040Teoritis\040yang\040Tervalidasi}{subsection.5.7}% 124
\BOOKMARK [3][]{subsubsection.5.7.4}{V.7.4\040Kontribusi\040Praktis}{subsection.5.7}% 125
\BOOKMARK [2][]{subsection.5.8}{V.8\040Ringkasan\040Temuan}{equation.4.27}% 126
\BOOKMARK [1][]{Item.382}{Bab\040VI\040Kesimpulan\040dan\040Saran}{}% 127
\BOOKMARK [2][]{subsection.6.1}{VI.1\040Kesimpulan}{Item.382}% 128
\BOOKMARK [2][]{subsection.6.2}{VI.2\040Keterbatasan}{Item.382}% 129
\BOOKMARK [2][]{subsection.6.3}{VI.3\040Saran}{Item.382}% 130
\BOOKMARK [3][]{subsubsection.6.3.1}{VI.3.1\040Saran\040untuk\040Penelitian\040Lanjutan}{subsection.6.3}% 131
\BOOKMARK [3][]{subsubsection.6.3.2}{VI.3.2\040Saran\040untuk\040Implementasi\040Praktis}{subsection.6.3}% 132
\BOOKMARK [2][]{subsection.6.4}{VI.4\040Penutup}{Item.382}% 133
\BOOKMARK [1][]{subsection.6.4}{DAFTAR\040PUSTAKA}{}% 134
\BOOKMARK [1][]{subsection.6.4}{LAMPIRAN}{}% 135
